Archive member included to satisfy reference by file (symbol)

C:/ST/STM32CubeIDE_1.14.1/STM32CubeIDE/plugins/com.st.stm32cube.ide.mcu.externaltools.gnu-tools-for-stm32.13.3.rel1.win32_1.0.0.202411081344/tools/bin/../lib/gcc/arm-none-eabi/13.3.1/../../../../arm-none-eabi/lib/thumb/v6-m/nofp\libc_nano.a(libc_a-exit.o)
                              C:/ST/STM32CubeIDE_1.14.1/STM32CubeIDE/plugins/com.st.stm32cube.ide.mcu.externaltools.gnu-tools-for-stm32.13.3.rel1.win32_1.0.0.202411081344/tools/bin/../lib/gcc/arm-none-eabi/13.3.1/../../../../arm-none-eabi/lib/thumb/v6-m/nofp/crt0.o (exit)
C:/ST/STM32CubeIDE_1.14.1/STM32CubeIDE/plugins/com.st.stm32cube.ide.mcu.externaltools.gnu-tools-for-stm32.13.3.rel1.win32_1.0.0.202411081344/tools/bin/../lib/gcc/arm-none-eabi/13.3.1/../../../../arm-none-eabi/lib/thumb/v6-m/nofp\libc_nano.a(libc_a-findfp.o)
                              C:/ST/STM32CubeIDE_1.14.1/STM32CubeIDE/plugins/com.st.stm32cube.ide.mcu.externaltools.gnu-tools-for-stm32.13.3.rel1.win32_1.0.0.202411081344/tools/bin/../lib/gcc/arm-none-eabi/13.3.1/../../../../arm-none-eabi/lib/thumb/v6-m/nofp\libc_nano.a(libc_a-exit.o) (__stdio_exit_handler)
C:/ST/STM32CubeIDE_1.14.1/STM32CubeIDE/plugins/com.st.stm32cube.ide.mcu.externaltools.gnu-tools-for-stm32.13.3.rel1.win32_1.0.0.202411081344/tools/bin/../lib/gcc/arm-none-eabi/13.3.1/../../../../arm-none-eabi/lib/thumb/v6-m/nofp\libc_nano.a(libc_a-fwalk.o)
                              C:/ST/STM32CubeIDE_1.14.1/STM32CubeIDE/plugins/com.st.stm32cube.ide.mcu.externaltools.gnu-tools-for-stm32.13.3.rel1.win32_1.0.0.202411081344/tools/bin/../lib/gcc/arm-none-eabi/13.3.1/../../../../arm-none-eabi/lib/thumb/v6-m/nofp\libc_nano.a(libc_a-findfp.o) (_fwalk_sglue)
C:/ST/STM32CubeIDE_1.14.1/STM32CubeIDE/plugins/com.st.stm32cube.ide.mcu.externaltools.gnu-tools-for-stm32.13.3.rel1.win32_1.0.0.202411081344/tools/bin/../lib/gcc/arm-none-eabi/13.3.1/../../../../arm-none-eabi/lib/thumb/v6-m/nofp\libc_nano.a(libc_a-stdio.o)
                              C:/ST/STM32CubeIDE_1.14.1/STM32CubeIDE/plugins/com.st.stm32cube.ide.mcu.externaltools.gnu-tools-for-stm32.13.3.rel1.win32_1.0.0.202411081344/tools/bin/../lib/gcc/arm-none-eabi/13.3.1/../../../../arm-none-eabi/lib/thumb/v6-m/nofp\libc_nano.a(libc_a-findfp.o) (__sread)
C:/ST/STM32CubeIDE_1.14.1/STM32CubeIDE/plugins/com.st.stm32cube.ide.mcu.externaltools.gnu-tools-for-stm32.13.3.rel1.win32_1.0.0.202411081344/tools/bin/../lib/gcc/arm-none-eabi/13.3.1/../../../../arm-none-eabi/lib/thumb/v6-m/nofp\libc_nano.a(libc_a-memset.o)
                              C:/ST/STM32CubeIDE_1.14.1/STM32CubeIDE/plugins/com.st.stm32cube.ide.mcu.externaltools.gnu-tools-for-stm32.13.3.rel1.win32_1.0.0.202411081344/tools/bin/../lib/gcc/arm-none-eabi/13.3.1/../../../../arm-none-eabi/lib/thumb/v6-m/nofp/crt0.o (memset)
C:/ST/STM32CubeIDE_1.14.1/STM32CubeIDE/plugins/com.st.stm32cube.ide.mcu.externaltools.gnu-tools-for-stm32.13.3.rel1.win32_1.0.0.202411081344/tools/bin/../lib/gcc/arm-none-eabi/13.3.1/../../../../arm-none-eabi/lib/thumb/v6-m/nofp\libc_nano.a(libc_a-closer.o)
                              C:/ST/STM32CubeIDE_1.14.1/STM32CubeIDE/plugins/com.st.stm32cube.ide.mcu.externaltools.gnu-tools-for-stm32.13.3.rel1.win32_1.0.0.202411081344/tools/bin/../lib/gcc/arm-none-eabi/13.3.1/../../../../arm-none-eabi/lib/thumb/v6-m/nofp\libc_nano.a(libc_a-stdio.o) (_close_r)
C:/ST/STM32CubeIDE_1.14.1/STM32CubeIDE/plugins/com.st.stm32cube.ide.mcu.externaltools.gnu-tools-for-stm32.13.3.rel1.win32_1.0.0.202411081344/tools/bin/../lib/gcc/arm-none-eabi/13.3.1/../../../../arm-none-eabi/lib/thumb/v6-m/nofp\libc_nano.a(libc_a-reent.o)
                              C:/ST/STM32CubeIDE_1.14.1/STM32CubeIDE/plugins/com.st.stm32cube.ide.mcu.externaltools.gnu-tools-for-stm32.13.3.rel1.win32_1.0.0.202411081344/tools/bin/../lib/gcc/arm-none-eabi/13.3.1/../../../../arm-none-eabi/lib/thumb/v6-m/nofp\libc_nano.a(libc_a-closer.o) (errno)
C:/ST/STM32CubeIDE_1.14.1/STM32CubeIDE/plugins/com.st.stm32cube.ide.mcu.externaltools.gnu-tools-for-stm32.13.3.rel1.win32_1.0.0.202411081344/tools/bin/../lib/gcc/arm-none-eabi/13.3.1/../../../../arm-none-eabi/lib/thumb/v6-m/nofp\libc_nano.a(libc_a-impure.o)
                              C:/ST/STM32CubeIDE_1.14.1/STM32CubeIDE/plugins/com.st.stm32cube.ide.mcu.externaltools.gnu-tools-for-stm32.13.3.rel1.win32_1.0.0.202411081344/tools/bin/../lib/gcc/arm-none-eabi/13.3.1/../../../../arm-none-eabi/lib/thumb/v6-m/nofp\libc_nano.a(libc_a-reent.o) (_impure_ptr)
C:/ST/STM32CubeIDE_1.14.1/STM32CubeIDE/plugins/com.st.stm32cube.ide.mcu.externaltools.gnu-tools-for-stm32.13.3.rel1.win32_1.0.0.202411081344/tools/bin/../lib/gcc/arm-none-eabi/13.3.1/../../../../arm-none-eabi/lib/thumb/v6-m/nofp\libc_nano.a(libc_a-lseekr.o)
[...]
Memory Configuration

Name             Origin             Length             Attributes
RAM              0x20000000         0x00001800         xrw
FLASH            0x08000000         0x00008000         xr
*default*        0x00000000         0xffffffff

Linker script and memory map

LOAD C:/ST/STM32CubeIDE_1.14.1/STM32CubeIDE/plugins/com.st.stm32cube.ide.mcu.externaltools.gnu-tools-for-stm32.13.3.rel1.win32_1.0.0.202411081344/tools/bin/../lib/gcc/arm-none-eabi/13.3.1/thumb/v6-m/nofp/crti.o
LOAD C:/ST/STM32CubeIDE_1.14.1/STM32CubeIDE/plugins/com.st.stm32cube.ide.mcu.externaltools.gnu-tools-for-stm32.13.3.rel1.win32_1.0.0.202411081344/tools/bin/../lib/gcc/arm-none-eabi/13.3.1/thumb/v6-m/nofp/crtbegin.o
LOAD C:/ST/STM32CubeIDE_1.14.1/STM32CubeIDE/plugins/com.st.stm32cube.ide.mcu.externaltools.gnu-tools-for-stm32.13.3.rel1.win32_1.0.0.202411081344/tools/bin/../lib/gcc/arm-none-eabi/13.3.1/../../../../arm-none-eabi/lib/thumb/v6-m/nofp/crt0.o
LOAD ./Core/Src/main.o
LOAD ./Core/Src/stm32f0xx_hal_msp.o
LOAD ./Core/Src/stm32f0xx_it.o
LOAD ./Core/Src/syscalls.o
LOAD ./Core/Src/sysmem.o
LOAD ./Core/Src/system_stm32f0xx.o
LOAD ./Core/Startup/startup_stm32f042c6tx.o
LOAD ./Drivers/STM32F0xx_HAL_Driver/Src/stm32f0xx_hal.o
LOAD ./Drivers/STM32F0xx_HAL_Driver/Src/stm32f0xx_hal_adc.o
LOAD ./Drivers/STM32F0xx_HAL_Driver/Src/stm32f0xx_hal_adc_ex.o
LOAD ./Drivers/STM32F0xx_HAL_Driver/Src/stm32f0xx_hal_can.o
LOAD ./Drivers/STM32F0xx_HAL_Driver/Src/stm32f0xx_hal_cortex.o
LOAD ./Drivers/STM32F0xx_HAL_Driver/Src/stm32f0xx_hal_dma.o
LOAD ./Drivers/STM32F0xx_HAL_Driver/Src/stm32f0xx_hal_exti.o
LOAD ./Drivers/STM32F0xx_HAL_Driver/Src/stm32f0xx_hal_flash.o
LOAD ./Drivers/STM32F0xx_HAL_Driver/Src/stm32f0xx_hal_flash_ex.o
LOAD ./Drivers/STM32F0xx_HAL_Driver/Src/stm32f0xx_hal_gpio.o
LOAD ./Drivers/STM32F0xx_HAL_Driver/Src/stm32f0xx_hal_i2c.o
LOAD ./Drivers/STM32F0xx_HAL_Driver/Src/stm32f0xx_hal_i2c_ex.o
LOAD ./Drivers/STM32F0xx_HAL_Driver/Src/stm32f0xx_hal_pwr.o
LOAD ./Drivers/STM32F0xx_HAL_Driver/Src/stm32f0xx_hal_pwr_ex.o
LOAD ./Drivers/STM32F0xx_HAL_Driver/Src/stm32f0xx_hal_rcc.o
LOAD ./Drivers/STM32F0xx_HAL_Driver/Src/stm32f0xx_hal_rcc_ex.o
LOAD ./Drivers/STM32F0xx_HAL_Driver/Src/stm32f0xx_hal_spi.o
LOAD ./Drivers/STM32F0xx_HAL_Driver/Src/stm32f0xx_hal_spi_ex.o
LOAD ./Drivers/STM32F0xx_HAL_Driver/Src/stm32f0xx_hal_tim.o
LOAD ./Drivers/STM32F0xx_HAL_Driver/Src/stm32f0xx_hal_tim_ex.o
START GROUP
LOAD C:/ST/STM32CubeIDE_1.14.1/STM32CubeIDE/plugins/com.st.stm32cube.ide.mcu.externaltools.gnu-tools-for-stm32.13.3.rel1.win32_1.0.0.202411081344/tools/bin/../lib/gcc/arm-none-eabi/13.3.1/../../../../arm-none-eabi/lib/thumb/v6-m/nofp\libc_nano.a
LOAD C:/ST/STM32CubeIDE_1.14.1/STM32CubeIDE/plugins/com.st.stm32cube.ide.mcu.externaltools.gnu-tools-for-stm32.13.3.rel1.win32_1.0.0.202411081344/tools/bin/../lib/gcc/arm-none-eabi/13.3.1/../../../../arm-none-eabi/lib/thumb/v6-m/nofp\libm.a
END GROUP
START GROUP
LOAD C:/ST/STM32CubeIDE_1.14.1/STM32CubeIDE/plugins/com.st.stm32cube.ide.mcu.externaltools.gnu-tools-for-stm32.13.3.rel1.win32_1.0.0.202411081344/tools/bin/../lib/gcc/arm-none-eabi/13.3.1/thumb/v6-m/nofp\libgcc.a
LOAD C:/ST/STM32CubeIDE_1.14.1/STM32CubeIDE/plugins/com.st.stm32cube.ide.mcu.externaltools.gnu-tools-for-stm32.13.3.rel1.win32_1.0.0.202411081344/tools/bin/../lib/gcc/arm-none-eabi/13.3.1/../../../../arm-none-eabi/lib/thumb/v6-m/nofp\libc_nano.a
END GROUP
START GROUP
LOAD C:/ST/STM32CubeIDE_1.14.1/STM32CubeIDE/plugins/com.st.stm32cube.ide.mcu.externaltools.gnu-tools-for-stm32.13.3.rel1.win32_1.0.0.202411081344/tools/bin/../lib/gcc/arm-none-eabi/13.3.1/thumb/v6-m/nofp\libgcc.a
LOAD C:/ST/STM32CubeIDE_1.14.1/STM32CubeIDE/plugins/com.st.stm32cube.ide.mcu.externaltools.gnu-tools-for-stm32.13.3.rel1.win32_1.0.0.202411081344/tools/bin/../lib/gcc/arm-none-eabi/13.3.1/../../../../arm-none-eabi/lib/thumb/v6-m/nofp\libc_nano.a
LOAD C:/ST/STM32CubeIDE_1.14.1/STM32CubeIDE/plugins/com.st.stm32cube.ide.mcu.externaltools.gnu-tools-for-stm32.13.3.rel1.win32_1.0.0.202411081344/tools/bin/../lib/gcc/arm-none-eabi/13.3.1/../../../../arm-none-eabi/lib/thumb/v6-m/nofp\libnosys.a
END GROUP
START GROUP
LOAD C:/ST/STM32CubeIDE_1.14.1/STM32CubeIDE/plugins/com.st.stm32cube.ide.mcu.externaltools.gnu-tools-for-stm32.13.3.rel1.win32_1.0.0.202411081344/tools/bin/../lib/gcc/arm-none-eabi/13.3.1/thumb/v6-m/nofp\libgcc.a
LOAD C:/ST/STM32CubeIDE_1.14.1/STM32CubeIDE/plugins/com.st.stm32cube.ide.mcu.externaltools.gnu-tools-for-stm32.13.3.rel1.win32_1.0.0.202411081344/tools/bin/../lib/gcc/arm-none-eabi/13.3.1/../../../../arm-none-eabi/lib/thumb/v6-m/nofp\libc_nano.a
LOAD C:/ST/STM32CubeIDE_1.14.1/STM32CubeIDE/plugins/com.st.stm32cube.ide.mcu.externaltools.gnu-tools-for-stm32.13.3.rel1.win32_1.0.0.202411081344/tools/bin/../lib/gcc/arm-none-eabi/13.3.1/../../../../arm-none-eabi/lib/thumb/v6-m/nofp\libnosys.a
END GROUP
LOAD C:/ST/STM32CubeIDE_1.14.1/STM32CubeIDE/plugins/com.st.stm32cube.ide.mcu.externaltools.gnu-tools-for-stm32.13.3.rel1.win32_1.0.0.202411081344/tools/bin/../lib/gcc/arm-none-eabi/13.3.1/thumb/v6-m/nofp/crtend.o
LOAD C:/ST/STM32CubeIDE_1.14.1/STM32CubeIDE/plugins/com.st.stm32cube.ide.mcu.externaltools.gnu-tools-for-stm32.13.3.rel1.win32_1.0.0.202411081344/tools/bin/../lib/gcc/arm-none-eabi/13.3.1/thumb/v6-m/nofp/crtn.o
                0x20001800                        _estack = (ORIGIN (RAM) + LENGTH (RAM))
                0x00000200                        _Min_Heap_Size = 0x200
                0x00000400                        _Min_Stack_Size = 0x400

.isr_vector     0x08000000       0xc0
                0x08000000                        . = ALIGN (0x4)
 *(.isr_vector)
 .isr_vector    0x08000000       0xc0 ./Core/Startup/startup_stm32f042c6tx.o
                0x08000000                g_pfnVectors
                0x080000c0                        . = ALIGN (0x4)

.text           0x080000c0     0x60e4
                0x080000c0                        . = ALIGN (0x4)
 *(.text)
 .text          0x080000c0       0x48 C:/ST/STM32CubeIDE_1.14.1/STM32CubeIDE/plugins/com.st.stm32cube.ide.mcu.externaltools.gnu-tools-for-stm32.13.3.rel1.win32_1.0.0.202411081344/tools/bin/../lib/gcc/arm-none-eabi/13.3.1/thumb/v6-m/nofp/crtbegin.o
 .text          0x08000108      0x114 C:/ST/STM32CubeIDE_1.14.1/STM32CubeIDE/plugins/com.st.stm32cube.ide.mcu.externaltools.gnu-tools-for-stm32.13.3.rel1.win32_1.0.0.202411081344/tools/bin/../lib/gcc/arm-none-eabi/13.3.1/thumb/v6-m/nofp\libgcc.a(_udivsi3.o)
                0x08000108                __aeabi_uidiv
                0x08000108                __udivsi3
                0x08000214                __aeabi_uidivmod
 .text          0x0800021c        0x4 C:/ST/STM32CubeIDE_1.14.1/STM32CubeIDE/plugins/com.st.stm32cube.ide.mcu.externaltools.gnu-tools-for-stm32.13.3.rel1.win32_1.0.0.202411081344/tools/bin/../lib/gcc/arm-none-eabi/13.3.1/thumb/v6-m/nofp\libgcc.a(_dvmd_tls.o)
                0x0800021c                __aeabi_idiv0
                0x0800021c                __aeabi_ldiv0
 *(.text*)
 .text.translateDuty
                0x08000220       0x6c ./Core/Src/main.o
                0x08000220                translateDuty
 .text.HAL_CAN_RxFifo0MsgPendingCallback
                0x0800028c      0x1c8 ./Core/Src/main.o
                0x0800028c                HAL_CAN_RxFifo0MsgPendingCallback
 .text.tempActions
                0x08000454      0x258 ./Core/Src/main.o
                0x08000454                tempActions
 .text.sendCan  0x080006ac      0x1b4 ./Core/Src/main.o
                0x080006ac                sendCan
 .text.heartbeat
                0x08000860       0x38 ./Core/Src/main.o
                0x08000860                heartbeat
 .text.mapeoADC
                0x08000898       0x84 ./Core/Src/main.o
                0x08000898                mapeoADC
 .text.battControl
                0x0800091c      0x194 ./Core/Src/main.o
                0x0800091c                battControl
 .text.canResetEcu
                0x08000ab0       0x48 ./Core/Src/main.o
                0x08000ab0                canResetEcu
 .text.Read_All_ADC_Channels
                0x08000af8      0x110 ./Core/Src/main.o
                0x08000af8                Read_All_ADC_Channels
 .text.getBufferAverage
                0x08000c08       0x70 ./Core/Src/main.o
                0x08000c08                getBufferAverage
 .text.fillBuffer
                0x08000c78       0x7c ./Core/Src/main.o
                0x08000c78                fillBuffer
 .text.fuelPumpProtection
                0x08000cf4       0xb4 ./Core/Src/main.o
                0x08000cf4                fuelPumpProtection
 .text.main     0x08000da8      0x318 ./Core/Src/main.o
                0x08000da8                main
 .text.SystemClock_Config
                0x080010c0       0x9a ./Core/Src/main.o
                0x080010c0                SystemClock_Config
 *fill*         0x0800115a        0x2 
 .text.MX_ADC_Init
                0x0800115c      0x1a0 ./Core/Src/main.o
 .text.MX_CAN_Init
                0x080012fc       0xc8 ./Core/Src/main.o
 .text.MX_SPI2_Init
                0x080013c4       0x7c ./Core/Src/main.o
 .text.MX_TIM1_Init
                0x08001440      0x128 ./Core/Src/main.o
 .text.MX_TIM2_Init
                0x08001568       0xd8 ./Core/Src/main.o
 .text.MX_TIM3_Init
                0x08001640       0xd8 ./Core/Src/main.o
 .text.MX_TIM16_Init
                0x08001718      0x10c ./Core/Src/main.o
 .text.MX_TIM17_Init
                0x08001824      0x10c ./Core/Src/main.o
 .text.MX_DMA_Init
                0x08001930       0x3c ./Core/Src/main.o
 .text.MX_GPIO_Init
                0x0800196c      0x13c ./Core/Src/main.o
 .text.HAL_TIM_PeriodElapsedCallback
                0x08001aa8       0x54 ./Core/Src/main.o
                0x08001aa8                HAL_TIM_PeriodElapsedCallback
 .text.HAL_ADC_ConvCpltCallback
                0x08001afc       0x74 ./Core/Src/main.o
                0x08001afc                HAL_ADC_ConvCpltCallback
 .text.Error_Handler
                0x08001b70        0xc ./Core/Src/main.o
                0x08001b70                Error_Handler
 .text.HAL_MspInit
                0x08001b7c       0x48 ./Core/Src/stm32f0xx_hal_msp.o
                0x08001b7c                HAL_MspInit
 .text.HAL_ADC_MspInit
                0x08001bc4      0x120 ./Core/Src/stm32f0xx_hal_msp.o
                0x08001bc4                HAL_ADC_MspInit
 .text.HAL_CAN_MspInit
                0x08001ce4       0xac ./Core/Src/stm32f0xx_hal_msp.o
                0x08001ce4                HAL_CAN_MspInit
 .text.HAL_SPI_MspInit
                0x08001d90       0x9c ./Core/Src/stm32f0xx_hal_msp.o
                0x08001d90                HAL_SPI_MspInit
 .text.HAL_TIM_OC_MspInit
                0x08001e2c       0x60 ./Core/Src/stm32f0xx_hal_msp.o
                0x08001e2c                HAL_TIM_OC_MspInit
 .text.HAL_TIM_PWM_MspInit
                0x08001e8c       0x60 ./Core/Src/stm32f0xx_hal_msp.o
                0x08001e8c                HAL_TIM_PWM_MspInit
 .text.HAL_TIM_Base_MspInit
                0x08001eec       0x6c ./Core/Src/stm32f0xx_hal_msp.o
                0x08001eec                HAL_TIM_Base_MspInit
 .text.HAL_TIM_MspPostInit
                0x08001f58      0x18c ./Core/Src/stm32f0xx_hal_msp.o
                0x08001f58                HAL_TIM_MspPostInit
 .text.NMI_Handler
                0x080020e4        0x8 ./Core/Src/stm32f0xx_it.o
                0x080020e4                NMI_Handler
 .text.HardFault_Handler
                0x080020ec        0x8 ./Core/Src/stm32f0xx_it.o
                0x080020ec                HardFault_Handler
 .text.SVC_Handler
                0x080020f4        0xa ./Core/Src/stm32f0xx_it.o
                0x080020f4                SVC_Handler
 .text.PendSV_Handler
                0x080020fe        0xa ./Core/Src/stm32f0xx_it.o
                0x080020fe                PendSV_Handler
 .text.SysTick_Handler
                0x08002108        0xe ./Core/Src/stm32f0xx_it.o
                0x08002108                SysTick_Handler
 *fill*         0x08002116        0x2 
 .text.DMA1_Channel1_IRQHandler
                0x08002118       0x18 ./Core/Src/stm32f0xx_it.o
                0x08002118                DMA1_Channel1_IRQHandler
 .text.TIM1_BRK_UP_TRG_COM_IRQHandler
                0x08002130       0x18 ./Core/Src/stm32f0xx_it.o
                0x08002130                TIM1_BRK_UP_TRG_COM_IRQHandler
 .text.TIM1_CC_IRQHandler
                0x08002148       0x18 ./Core/Src/stm32f0xx_it.o
                0x08002148                TIM1_CC_IRQHandler
 .text.CEC_CAN_IRQHandler
                0x08002160       0x18 ./Core/Src/stm32f0xx_it.o
                0x08002160                CEC_CAN_IRQHandler
 .text.SystemInit
                0x08002178        0xa ./Core/Src/system_stm32f0xx.o
                0x08002178                SystemInit
 *fill*         0x08002182        0x2 
 .text.Reset_Handler
                0x08002184       0x80 ./Core/Startup/startup_stm32f042c6tx.o
                0x08002184                Reset_Handler
 .text.Default_Handler
                0x08002204        0x2 ./Core/Startup/startup_stm32f042c6tx.o
                0x08002204                TSC_IRQHandler
                0x08002204                I2C1_IRQHandler
                0x08002204                RCC_CRS_IRQHandler
                0x08002204                SPI1_IRQHandler
                0x08002204                EXTI2_3_IRQHandler
                0x08002204                ADC1_IRQHandler
                0x08002204                TIM17_IRQHandler
                0x08002204                RTC_IRQHandler
                0x08002204                PVD_VDDIO2_IRQHandler
                0x08002204                TIM16_IRQHandler
                0x08002204                TIM3_IRQHandler
                0x08002204                EXTI4_15_IRQHandler
                0x08002204                Default_Handler
                0x08002204                TIM14_IRQHandler
                0x08002204                DMA1_Channel4_5_IRQHandler
                0x08002204                EXTI0_1_IRQHandler
                0x08002204                USB_IRQHandler
                0x08002204                SPI2_IRQHandler
                0x08002204                WWDG_IRQHandler
                0x08002204                TIM2_IRQHandler
                0x08002204                DMA1_Channel2_3_IRQHandler
                0x08002204                USART2_IRQHandler
                0x08002204                FLASH_IRQHandler
                0x08002204                USART1_IRQHandler
 *fill*         0x08002206        0x2 
 .text.HAL_Init
                0x08002208       0x28 ./Drivers/STM32F0xx_HAL_Driver/Src/stm32f0xx_hal.o
                0x08002208                HAL_Init
 .text.HAL_InitTick
                0x08002230       0x68 ./Drivers/STM32F0xx_HAL_Driver/Src/stm32f0xx_hal.o
                0x08002230                HAL_InitTick
 .text.HAL_IncTick
                0x08002298       0x24 ./Drivers/STM32F0xx_HAL_Driver/Src/stm32f0xx_hal.o
                0x08002298                HAL_IncTick
 .text.HAL_GetTick
                0x080022bc       0x14 ./Drivers/STM32F0xx_HAL_Driver/Src/stm32f0xx_hal.o
                0x080022bc                HAL_GetTick
 .text.HAL_Delay
                0x080022d0       0x48 ./Drivers/STM32F0xx_HAL_Driver/Src/stm32f0xx_hal.o
                0x080022d0                HAL_Delay
 .text.HAL_ADC_Init
                0x08002318      0x280 ./Drivers/STM32F0xx_HAL_Driver/Src/stm32f0xx_hal_adc.o
                0x08002318                HAL_ADC_Init
 .text.HAL_ADC_Start_IT
                0x08002598       0xe4 ./Drivers/STM32F0xx_HAL_Driver/Src/stm32f0xx_hal_adc.o
                0x08002598                HAL_ADC_Start_IT
 .text.HAL_ADC_Start_DMA
                0x0800267c      0x104 ./Drivers/STM32F0xx_HAL_Driver/Src/stm32f0xx_hal_adc.o
                0x0800267c                HAL_ADC_Start_DMA
 .text.HAL_ADC_ConvHalfCpltCallback
                0x08002780       0x10 ./Drivers/STM32F0xx_HAL_Driver/Src/stm32f0xx_hal_adc.o
                0x08002780                HAL_ADC_ConvHalfCpltCallback
 .text.HAL_ADC_ErrorCallback
                0x08002790       0x10 ./Drivers/STM32F0xx_HAL_Driver/Src/stm32f0xx_hal_adc.o
                0x08002790                HAL_ADC_ErrorCallback
 .text.HAL_ADC_ConfigChannel
                0x080027a0      0x21c ./Drivers/STM32F0xx_HAL_Driver/Src/stm32f0xx_hal_adc.o
                0x080027a0                HAL_ADC_ConfigChannel
 .text.ADC_Enable
                0x080029bc      0x108 ./Drivers/STM32F0xx_HAL_Driver/Src/stm32f0xx_hal_adc.o
 .text.ADC_DMAConvCplt
                0x08002ac4       0xb4 ./Drivers/STM32F0xx_HAL_Driver/Src/stm32f0xx_hal_adc.o
 .text.ADC_DMAHalfConvCplt
                0x08002b78       0x1e ./Drivers/STM32F0xx_HAL_Driver/Src/stm32f0xx_hal_adc.o
 .text.ADC_DMAError
                0x08002b96       0x36 ./Drivers/STM32F0xx_HAL_Driver/Src/stm32f0xx_hal_adc.o
 .text.HAL_CAN_Init
                0x08002bcc      0x1fc ./Drivers/STM32F0xx_HAL_Driver/Src/stm32f0xx_hal_can.o
                0x08002bcc                HAL_CAN_Init
 .text.HAL_CAN_ConfigFilter
                0x08002dc8      0x1e4 ./Drivers/STM32F0xx_HAL_Driver/Src/stm32f0xx_hal_can.o
                0x08002dc8                HAL_CAN_ConfigFilter
 .text.HAL_CAN_Start
                0x08002fac       0x8c ./Drivers/STM32F0xx_HAL_Driver/Src/stm32f0xx_hal_can.o
                0x08002fac                HAL_CAN_Start
 .text.HAL_CAN_AddTxMessage
                0x08003038      0x1a4 ./Drivers/STM32F0xx_HAL_Driver/Src/stm32f0xx_hal_can.o
                0x08003038                HAL_CAN_AddTxMessage
 .text.HAL_CAN_GetRxMessage
                0x080031dc      0x256 ./Drivers/STM32F0xx_HAL_Driver/Src/stm32f0xx_hal_can.o
                0x080031dc                HAL_CAN_GetRxMessage
 .text.HAL_CAN_ActivateNotification
                0x08003432       0x54 ./Drivers/STM32F0xx_HAL_Driver/Src/stm32f0xx_hal_can.o
                0x08003432                HAL_CAN_ActivateNotification
 .text.HAL_CAN_IRQHandler
                0x08003486      0x368 ./Drivers/STM32F0xx_HAL_Driver/Src/stm32f0xx_hal_can.o
                0x08003486                HAL_CAN_IRQHandler
 .text.HAL_CAN_TxMailbox0CompleteCallback
                0x080037ee       0x10 ./Drivers/STM32F0xx_HAL_Driver/Src/stm32f0xx_hal_can.o
                0x080037ee                HAL_CAN_TxMailbox0CompleteCallback
 .text.HAL_CAN_TxMailbox1CompleteCallback
                0x080037fe       0x10 ./Drivers/STM32F0xx_HAL_Driver/Src/stm32f0xx_hal_can.o
                0x080037fe                HAL_CAN_TxMailbox1CompleteCallback
 .text.HAL_CAN_TxMailbox2CompleteCallback
                0x0800380e       0x10 ./Drivers/STM32F0xx_HAL_Driver/Src/stm32f0xx_hal_can.o
                0x0800380e                HAL_CAN_TxMailbox2CompleteCallback
 .text.HAL_CAN_TxMailbox0AbortCallback
                0x0800381e       0x10 ./Drivers/STM32F0xx_HAL_Driver/Src/stm32f0xx_hal_can.o
                0x0800381e                HAL_CAN_TxMailbox0AbortCallback
 .text.HAL_CAN_TxMailbox1AbortCallback
                0x0800382e       0x10 ./Drivers/STM32F0xx_HAL_Driver/Src/stm32f0xx_hal_can.o
                0x0800382e                HAL_CAN_TxMailbox1AbortCallback
 .text.HAL_CAN_TxMailbox2AbortCallback
                0x0800383e       0x10 ./Drivers/STM32F0xx_HAL_Driver/Src/stm32f0xx_hal_can.o
                0x0800383e                HAL_CAN_TxMailbox2AbortCallback
 .text.HAL_CAN_RxFifo0FullCallback
                0x0800384e       0x10 ./Drivers/STM32F0xx_HAL_Driver/Src/stm32f0xx_hal_can.o
                0x0800384e                HAL_CAN_RxFifo0FullCallback
 .text.HAL_CAN_RxFifo1MsgPendingCallback
                0x0800385e       0x10 ./Drivers/STM32F0xx_HAL_Driver/Src/stm32f0xx_hal_can.o
                0x0800385e                HAL_CAN_RxFifo1MsgPendingCallback
 .text.HAL_CAN_RxFifo1FullCallback
                0x0800386e       0x10 ./Drivers/STM32F0xx_HAL_Driver/Src/stm32f0xx_hal_can.o
                0x0800386e                HAL_CAN_RxFifo1FullCallback
 .text.HAL_CAN_SleepCallback
                0x0800387e       0x10 ./Drivers/STM32F0xx_HAL_Driver/Src/stm32f0xx_hal_can.o
                0x0800387e                HAL_CAN_SleepCallback
 .text.HAL_CAN_WakeUpFromRxMsgCallback
                0x0800388e       0x10 ./Drivers/STM32F0xx_HAL_Driver/Src/stm32f0xx_hal_can.o
                0x0800388e                HAL_CAN_WakeUpFromRxMsgCallback
 .text.HAL_CAN_ErrorCallback
                0x0800389e       0x10 ./Drivers/STM32F0xx_HAL_Driver/Src/stm32f0xx_hal_can.o
                0x0800389e                HAL_CAN_ErrorCallback
 *fill*         0x080038ae        0x2 
 .text.__NVIC_EnableIRQ
                0x080038b0       0x34 ./Drivers/STM32F0xx_HAL_Driver/Src/stm32f0xx_hal_cortex.o
 .text.__NVIC_SetPriority
                0x080038e4       0xdc ./Drivers/STM32F0xx_HAL_Driver/Src/stm32f0xx_hal_cortex.o
 .text.SysTick_Config
                0x080039c0       0x48 ./Drivers/STM32F0xx_HAL_Driver/Src/stm32f0xx_hal_cortex.o
 .text.HAL_NVIC_SetPriority
                0x08003a08       0x2a ./Drivers/STM32F0xx_HAL_Driver/Src/stm32f0xx_hal_cortex.o
                0x08003a08                HAL_NVIC_SetPriority
 .text.HAL_NVIC_EnableIRQ
                0x08003a32       0x20 ./Drivers/STM32F0xx_HAL_Driver/Src/stm32f0xx_hal_cortex.o
                0x08003a32                HAL_NVIC_EnableIRQ
 .text.HAL_SYSTICK_Config
                0x08003a52       0x1a ./Drivers/STM32F0xx_HAL_Driver/Src/stm32f0xx_hal_cortex.o
                0x08003a52                HAL_SYSTICK_Config
 .text.HAL_DMA_Init
                0x08003a6c       0x90 ./Drivers/STM32F0xx_HAL_Driver/Src/stm32f0xx_hal_dma.o
                0x08003a6c                HAL_DMA_Init
 .text.HAL_DMA_Start_IT
                0x08003afc       0xcc ./Drivers/STM32F0xx_HAL_Driver/Src/stm32f0xx_hal_dma.o
                0x08003afc                HAL_DMA_Start_IT
 .text.HAL_DMA_IRQHandler
                0x08003bc8      0x144 ./Drivers/STM32F0xx_HAL_Driver/Src/stm32f0xx_hal_dma.o
                0x08003bc8                HAL_DMA_IRQHandler
 .text.DMA_SetConfig
                0x08003d0c       0x58 ./Drivers/STM32F0xx_HAL_Driver/Src/stm32f0xx_hal_dma.o
 .text.DMA_CalcBaseAndBitshift
                0x08003d64       0x38 ./Drivers/STM32F0xx_HAL_Driver/Src/stm32f0xx_hal_dma.o
 .text.HAL_GPIO_Init
                0x08003d9c      0x2d0 ./Drivers/STM32F0xx_HAL_Driver/Src/stm32f0xx_hal_gpio.o
                0x08003d9c                HAL_GPIO_Init
 .text.HAL_GPIO_WritePin
                0x0800406c       0x3a ./Drivers/STM32F0xx_HAL_Driver/Src/stm32f0xx_hal_gpio.o
                0x0800406c                HAL_GPIO_WritePin
 *fill*         0x080040a6        0x2 
 .text.HAL_RCC_OscConfig
                0x080040a8      0x70c ./Drivers/STM32F0xx_HAL_Driver/Src/stm32f0xx_hal_rcc.o
                0x080040a8                HAL_RCC_OscConfig
 .text.HAL_RCC_ClockConfig
                0x080047b4      0x1b4 ./Drivers/STM32F0xx_HAL_Driver/Src/stm32f0xx_hal_rcc.o
                0x080047b4                HAL_RCC_ClockConfig
 .text.HAL_RCC_GetSysClockFreq
                0x08004968       0xe8 ./Drivers/STM32F0xx_HAL_Driver/Src/stm32f0xx_hal_rcc.o
                0x08004968                HAL_RCC_GetSysClockFreq
 .text.HAL_SPI_Init
                0x08004a50      0x170 ./Drivers/STM32F0xx_HAL_Driver/Src/stm32f0xx_hal_spi.o
                0x08004a50                HAL_SPI_Init
 .text.HAL_SPI_TransmitReceive
                0x08004bc0      0x3c4 ./Drivers/STM32F0xx_HAL_Driver/Src/stm32f0xx_hal_spi.o
                0x08004bc0                HAL_SPI_TransmitReceive
 .text.SPI_WaitFlagStateUntilTimeout
                0x08004f84      0x11c ./Drivers/STM32F0xx_HAL_Driver/Src/stm32f0xx_hal_spi.o
 .text.SPI_WaitFifoStateUntilTimeout
                0x080050a0      0x144 ./Drivers/STM32F0xx_HAL_Driver/Src/stm32f0xx_hal_spi.o
 .text.SPI_EndRxTxTransaction
                0x080051e4       0x8c ./Drivers/STM32F0xx_HAL_Driver/Src/stm32f0xx_hal_spi.o
 .text.HAL_TIM_Base_Init
                0x08005270       0xa0 ./Drivers/STM32F0xx_HAL_Driver/Src/stm32f0xx_hal_tim.o
                0x08005270                HAL_TIM_Base_Init
 .text.HAL_TIM_Base_Start_IT
                0x08005310       0x98 ./Drivers/STM32F0xx_HAL_Driver/Src/stm32f0xx_hal_tim.o
                0x08005310                HAL_TIM_Base_Start_IT
 .text.HAL_TIM_OC_Init
                0x080053a8       0xa0 ./Drivers/STM32F0xx_HAL_Driver/Src/stm32f0xx_hal_tim.o
                0x080053a8                HAL_TIM_OC_Init
 .text.HAL_TIM_PWM_Init
                0x08005448       0xa0 ./Drivers/STM32F0xx_HAL_Driver/Src/stm32f0xx_hal_tim.o
                0x08005448                HAL_TIM_PWM_Init
 .text.HAL_TIM_PWM_Start
                0x080054e8      0x158 ./Drivers/STM32F0xx_HAL_Driver/Src/stm32f0xx_hal_tim.o
                0x080054e8                HAL_TIM_PWM_Start
 .text.HAL_TIM_IRQHandler
                0x08005640      0x1dc ./Drivers/STM32F0xx_HAL_Driver/Src/stm32f0xx_hal_tim.o
                0x08005640                HAL_TIM_IRQHandler
 .text.HAL_TIM_OC_ConfigChannel
                0x0800581c       0xb0 ./Drivers/STM32F0xx_HAL_Driver/Src/stm32f0xx_hal_tim.o
                0x0800581c                HAL_TIM_OC_ConfigChannel
 .text.HAL_TIM_PWM_ConfigChannel
                0x080058cc      0x18c ./Drivers/STM32F0xx_HAL_Driver/Src/stm32f0xx_hal_tim.o
                0x080058cc                HAL_TIM_PWM_ConfigChannel
 .text.HAL_TIM_OC_DelayElapsedCallback
                0x08005a58       0x10 ./Drivers/STM32F0xx_HAL_Driver/Src/stm32f0xx_hal_tim.o
                0x08005a58                HAL_TIM_OC_DelayElapsedCallback
 .text.HAL_TIM_IC_CaptureCallback
                0x08005a68       0x10 ./Drivers/STM32F0xx_HAL_Driver/Src/stm32f0xx_hal_tim.o
                0x08005a68                HAL_TIM_IC_CaptureCallback
 .text.HAL_TIM_PWM_PulseFinishedCallback
                0x08005a78       0x10 ./Drivers/STM32F0xx_HAL_Driver/Src/stm32f0xx_hal_tim.o
                0x08005a78                HAL_TIM_PWM_PulseFinishedCallback
 .text.HAL_TIM_TriggerCallback
                0x08005a88       0x10 ./Drivers/STM32F0xx_HAL_Driver/Src/stm32f0xx_hal_tim.o
                0x08005a88                HAL_TIM_TriggerCallback
 .text.TIM_Base_SetConfig
                0x08005a98      0x108 ./Drivers/STM32F0xx_HAL_Driver/Src/stm32f0xx_hal_tim.o
                0x08005a98                TIM_Base_SetConfig
 .text.TIM_OC1_SetConfig
                0x08005ba0       0xfc ./Drivers/STM32F0xx_HAL_Driver/Src/stm32f0xx_hal_tim.o
 .text.TIM_OC2_SetConfig
                0x08005c9c       0xfc ./Drivers/STM32F0xx_HAL_Driver/Src/stm32f0xx_hal_tim.o
                0x08005c9c                TIM_OC2_SetConfig
 .text.TIM_OC3_SetConfig
                0x08005d98      0x100 ./Drivers/STM32F0xx_HAL_Driver/Src/stm32f0xx_hal_tim.o
 .text.TIM_OC4_SetConfig
                0x08005e98       0xc8 ./Drivers/STM32F0xx_HAL_Driver/Src/stm32f0xx_hal_tim.o
 .text.TIM_CCxChannelCmd
                0x08005f60       0x46 ./Drivers/STM32F0xx_HAL_Driver/Src/stm32f0xx_hal_tim.o
                0x08005f60                TIM_CCxChannelCmd
 *fill*         0x08005fa6        0x2 
 .text.HAL_TIMEx_MasterConfigSynchronization
                0x08005fa8       0xb0 ./Drivers/STM32F0xx_HAL_Driver/Src/stm32f0xx_hal_tim_ex.o
                0x08005fa8                HAL_TIMEx_MasterConfigSynchronization
 .text.HAL_TIMEx_ConfigBreakDeadTime
                0x08006058       0xbc ./Drivers/STM32F0xx_HAL_Driver/Src/stm32f0xx_hal_tim_ex.o
                0x08006058                HAL_TIMEx_ConfigBreakDeadTime
 .text.HAL_TIMEx_CommutCallback
                0x08006114       0x10 ./Drivers/STM32F0xx_HAL_Driver/Src/stm32f0xx_hal_tim_ex.o
                0x08006114                HAL_TIMEx_CommutCallback
 .text.HAL_TIMEx_BreakCallback
                0x08006124       0x10 ./Drivers/STM32F0xx_HAL_Driver/Src/stm32f0xx_hal_tim_ex.o
                0x08006124                HAL_TIMEx_BreakCallback
 .text.memset   0x08006134       0x10 C:/ST/STM32CubeIDE_1.14.1/STM32CubeIDE/plugins/com.st.stm32cube.ide.mcu.externaltools.gnu-tools-for-stm32.13.3.rel1.win32_1.0.0.202411081344/tools/bin/../lib/gcc/arm-none-eabi/13.3.1/../../../../arm-none-eabi/lib/thumb/v6-m/nofp\libc_nano.a(libc_a-memset.o)
                0x08006134                memset
 .text.__libc_init_array
                0x08006144       0x48 C:/ST/STM32CubeIDE_1.14.1/STM32CubeIDE/plugins/com.st.stm32cube.ide.mcu.externaltools.gnu-tools-for-stm32.13.3.rel1.win32_1.0.0.202411081344/tools/bin/../lib/gcc/arm-none-eabi/13.3.1/../../../../arm-none-eabi/lib/thumb/v6-m/nofp\libc_nano.a(libc_a-init.o)
                0x08006144                __libc_init_array
 *(.glue_7)
 .glue_7        0x0800618c        0x0 linker stubs
 *(.glue_7t)
 .glue_7t       0x0800618c        0x0 linker stubs
 *(.eh_frame)
 .eh_frame      0x0800618c        0x0 C:/ST/STM32CubeIDE_1.14.1/STM32CubeIDE/plugins/com.st.stm32cube.ide.mcu.externaltools.gnu-tools-for-stm32.13.3.rel1.win32_1.0.0.202411081344/tools/bin/../lib/gcc/arm-none-eabi/13.3.1/thumb/v6-m/nofp/crtbegin.o
 *(.init)
 .init          0x0800618c        0x4 C:/ST/STM32CubeIDE_1.14.1/STM32CubeIDE/plugins/com.st.stm32cube.ide.mcu.externaltools.gnu-tools-for-stm32.13.3.rel1.win32_1.0.0.202411081344/tools/bin/../lib/gcc/arm-none-eabi/13.3.1/thumb/v6-m/nofp/crti.o
                0x0800618c                _init
 .init          0x08006190        0x8 C:/ST/STM32CubeIDE_1.14.1/STM32CubeIDE/plugins/com.st.stm32cube.ide.mcu.externaltools.gnu-tools-for-stm32.13.3.rel1.win32_1.0.0.202411081344/tools/bin/../lib/gcc/arm-none-eabi/13.3.1/thumb/v6-m/nofp/crtn.o
 *(.fini)
 .fini          0x08006198        0x4 C:/ST/STM32CubeIDE_1.14.1/STM32CubeIDE/plugins/com.st.stm32cube.ide.mcu.externaltools.gnu-tools-for-stm32.13.3.rel1.win32_1.0.0.202411081344/tools/bin/../lib/gcc/arm-none-eabi/13.3.1/thumb/v6-m/nofp/crti.o
                0x08006198                _fini
 .fini          0x0800619c        0x8 C:/ST/STM32CubeIDE_1.14.1/STM32CubeIDE/plugins/com.st.stm32cube.ide.mcu.externaltools.gnu-tools-for-stm32.13.3.rel1.win32_1.0.0.202411081344/tools/bin/../lib/gcc/arm-none-eabi/13.3.1/thumb/v6-m/nofp/crtn.o
                0x080061a4                        . = ALIGN (0x4)
                0x080061a4                        _etext = .

.vfp11_veneer   0x080061a4        0x0
 .vfp11_veneer  0x080061a4        0x0 linker stubs

.v4_bx          0x080061a4        0x0
 .v4_bx         0x080061a4        0x0 linker stubs

.iplt           0x080061a4        0x0
 .iplt          0x080061a4        0x0 C:/ST/STM32CubeIDE_1.14.1/STM32CubeIDE/plugins/com.st.stm32cube.ide.mcu.externaltools.gnu-tools-for-stm32.13.3.rel1.win32_1.0.0.202411081344/tools/bin/../lib/gcc/arm-none-eabi/13.3.1/thumb/v6-m/nofp/crtbegin.o

.rodata         0x080061a4       0x30
                0x080061a4                        . = ALIGN (0x4)
 *(.rodata)
 *(.rodata*)
 .rodata.AHBPrescTable
                0x080061a4       0x10 ./Core/Src/system_stm32f0xx.o
                0x080061a4                AHBPrescTable
 .rodata.aPLLMULFactorTable.1
                0x080061b4       0x10 ./Drivers/STM32F0xx_HAL_Driver/Src/stm32f0xx_hal_rcc.o
 .rodata.aPredivFactorTable.0
                0x080061c4       0x10 ./Drivers/STM32F0xx_HAL_Driver/Src/stm32f0xx_hal_rcc.o
                0x080061d4                        . = ALIGN (0x4)

.ARM.extab      0x080061d4        0x0
                0x080061d4                        . = ALIGN (0x4)
 *(.ARM.extab* .gnu.linkonce.armextab.*)
                0x080061d4                        . = ALIGN (0x4)

.ARM            0x080061d4        0x0
                0x080061d4                        . = ALIGN (0x4)
                0x080061d4                        __exidx_start = .
 *(.ARM.exidx*)
                0x080061d4                        __exidx_end = .
                0x080061d4                        . = ALIGN (0x4)

.preinit_array  0x080061d4        0x0
                0x080061d4                        . = ALIGN (0x4)
                0x080061d4                        PROVIDE (__preinit_array_start = .)
 *(.preinit_array*)
                0x080061d4                        PROVIDE (__preinit_array_end = .)
                0x080061d4                        . = ALIGN (0x4)

.init_array     0x080061d4        0x4
                0x080061d4                        . = ALIGN (0x4)
                0x080061d4                        PROVIDE (__init_array_start = .)
 *(SORT_BY_NAME(.init_array.*))
 *(.init_array*)
 .init_array    0x080061d4        0x4 C:/ST/STM32CubeIDE_1.14.1/STM32CubeIDE/plugins/com.st.stm32cube.ide.mcu.externaltools.gnu-tools-for-stm32.13.3.rel1.win32_1.0.0.202411081344/tools/bin/../lib/gcc/arm-none-eabi/13.3.1/thumb/v6-m/nofp/crtbegin.o
                0x080061d8                        PROVIDE (__init_array_end = .)
                0x080061d8                        . = ALIGN (0x4)

.fini_array     0x080061d8        0x4
                0x080061d8                        . = ALIGN (0x4)
                [!provide]                        PROVIDE (__fini_array_start = .)
 *(SORT_BY_NAME(.fini_array.*))
 *(.fini_array*)
 .fini_array    0x080061d8        0x4 C:/ST/STM32CubeIDE_1.14.1/STM32CubeIDE/plugins/com.st.stm32cube.ide.mcu.externaltools.gnu-tools-for-stm32.13.3.rel1.win32_1.0.0.202411081344/tools/bin/../lib/gcc/arm-none-eabi/13.3.1/thumb/v6-m/nofp/crtbegin.o
                [!provide]                        PROVIDE (__fini_array_end = .)
                0x080061dc                        . = ALIGN (0x4)
                0x080061dc                        _sidata = LOADADDR (.data)

.rel.dyn        0x080061dc        0x0
 .rel.iplt      0x080061dc        0x0 C:/ST/STM32CubeIDE_1.14.1/STM32CubeIDE/plugins/com.st.stm32cube.ide.mcu.externaltools.gnu-tools-for-stm32.13.3.rel1.win32_1.0.0.202411081344/tools/bin/../lib/gcc/arm-none-eabi/13.3.1/thumb/v6-m/nofp/crtbegin.o

.data           0x20000000       0x5c load address 0x080061dc
                0x20000000                        . = ALIGN (0x4)
                0x20000000                        _sdata = .
 *(.data)
 *(.data*)
 .data.ectTh    0x20000000        0x8 ./Core/Src/main.o
                0x20000000                ectTh
 .data.oilTh    0x20000008        0x8 ./Core/Src/main.o
                0x20000008                oilTh
 .data.battTh   0x20000010        0x6 ./Core/Src/main.o
                0x20000010                battTh
 .data.dutyFanNill
                0x20000016        0x2 ./Core/Src/main.o
                0x20000016                dutyFanNill
 .data.dutyPumpNill
                0x20000018        0x2 ./Core/Src/main.o
                0x20000018                dutyPumpNill
 *fill*         0x2000001a        0x2 
 .data.dutyFanEctTh
                0x2000001c        0x6 ./Core/Src/main.o
                0x2000001c                dutyFanEctTh
 *fill*         0x20000022        0x2 
 .data.dutyPumpEctTh
                0x20000024        0x6 ./Core/Src/main.o
                0x20000024                dutyPumpEctTh
 *fill*         0x2000002a        0x2 
 .data.dutyFanOilTh
                0x2000002c        0x6 ./Core/Src/main.o
                0x2000002c                dutyFanOilTh
 *fill*         0x20000032        0x2 
 .data.dutyPumpOilTh
                0x20000034        0x6 ./Core/Src/main.o
                0x20000034                dutyPumpOilTh
 *fill*         0x2000003a        0x2 
 .data.battVoltBuffer
                0x2000003c       0x14 ./Core/Src/main.o
                0x2000003c                battVoltBuffer
 .data.SystemCoreClock
                0x20000050        0x4 ./Core/Src/system_stm32f0xx.o
                0x20000050                SystemCoreClock
 .data.uwTickPrio
                0x20000054        0x4 ./Drivers/STM32F0xx_HAL_Driver/Src/stm32f0xx_hal.o
                0x20000054                uwTickPrio
 .data.uwTickFreq
                0x20000058        0x1 ./Drivers/STM32F0xx_HAL_Driver/Src/stm32f0xx_hal.o
                0x20000058                uwTickFreq
 *(.RamFunc)
 *(.RamFunc*)
                0x2000005c                        . = ALIGN (0x4)
 *fill*         0x20000059        0x3 
                0x2000005c                        _edata = .

.igot.plt       0x2000005c        0x0 load address 0x08006238
 .igot.plt      0x2000005c        0x0 C:/ST/STM32CubeIDE_1.14.1/STM32CubeIDE/plugins/com.st.stm32cube.ide.mcu.externaltools.gnu-tools-for-stm32.13.3.rel1.win32_1.0.0.202411081344/tools/bin/../lib/gcc/arm-none-eabi/13.3.1/thumb/v6-m/nofp/crtbegin.o
                0x2000005c                        . = ALIGN (0x4)

.bss            0x2000005c      0x598 load address 0x08006238
                0x2000005c                        _sbss = .
                0x2000005c                        __bss_start__ = _sbss
 *(.bss)
 .bss           0x2000005c       0x1c C:/ST/STM32CubeIDE_1.14.1/STM32CubeIDE/plugins/com.st.stm32cube.ide.mcu.externaltools.gnu-tools-for-stm32.13.3.rel1.win32_1.0.0.202411081344/tools/bin/../lib/gcc/arm-none-eabi/13.3.1/thumb/v6-m/nofp/crtbegin.o
 *(.bss*)
 .bss.hadc      0x20000078       0x40 ./Core/Src/main.o
                0x20000078                hadc
 .bss.hdma_adc  0x200000b8       0x44 ./Core/Src/main.o
                0x200000b8                hdma_adc
 .bss.hcan      0x200000fc       0x28 ./Core/Src/main.o
                0x200000fc                hcan
 .bss.hspi2     0x20000124       0x64 ./Core/Src/main.o
                0x20000124                hspi2
 .bss.htim1     0x20000188       0x48 ./Core/Src/main.o
                0x20000188                htim1
 .bss.htim2     0x200001d0       0x48 ./Core/Src/main.o
                0x200001d0                htim2
 .bss.htim3     0x20000218       0x48 ./Core/Src/main.o
                0x20000218                htim3
 .bss.htim16    0x20000260       0x48 ./Core/Src/main.o
                0x20000260                htim16
 .bss.htim17    0x200002a8       0x48 ./Core/Src/main.o
                0x200002a8                htim17
 .bss.RxHeader  0x200002f0       0x1c ./Core/Src/main.o
                0x200002f0                RxHeader
 .bss.TxHeader_adc
                0x2000030c       0x18 ./Core/Src/main.o
                0x2000030c                TxHeader_adc
 .bss.TxHeader_adc1
                0x20000324       0x18 ./Core/Src/main.o
                0x20000324                TxHeader_adc1
 .bss.TxHeader_adc2
                0x2000033c       0x18 ./Core/Src/main.o
                0x2000033c                TxHeader_adc2
 .bss.TxHeader_adc3
                0x20000354       0x18 ./Core/Src/main.o
                0x20000354                TxHeader_adc3
 .bss.TxHeader_anw
                0x2000036c       0x18 ./Core/Src/main.o
                0x2000036c                TxHeader_anw
 .bss.TxHeader_heartbeat
                0x20000384       0x18 ./Core/Src/main.o
                0x20000384                TxHeader_heartbeat
 .bss.TxHeader_emergency
                0x2000039c       0x18 ./Core/Src/main.o
                0x2000039c                TxHeader_emergency
 .bss.TxMailBox
                0x200003b4        0x4 ./Core/Src/main.o
                0x200003b4                TxMailBox
 .bss.TxData_adc
                0x200003b8        0x8 ./Core/Src/main.o
                0x200003b8                TxData_adc
 .bss.TxData_adc1
                0x200003c0        0x4 ./Core/Src/main.o
                0x200003c0                TxData_adc1
 .bss.TxData_adc2
                0x200003c4        0x4 ./Core/Src/main.o
                0x200003c4                TxData_adc2
 .bss.TxData_heartbeat
                0x200003c8        0x8 ./Core/Src/main.o
                0x200003c8                TxData_heartbeat
 .bss.TxData_emergency
                0x200003d0        0x8 ./Core/Src/main.o
                0x200003d0                TxData_emergency
 .bss.RxData    0x200003d8        0x8 ./Core/Src/main.o
                0x200003d8                RxData
 .bss.adc_buff  0x200003e0       0x24 ./Core/Src/main.o
                0x200003e0                adc_buff
 .bss.value_adc
                0x20000404       0x12 ./Core/Src/main.o
                0x20000404                value_adc
 *fill*         0x20000416        0x2 
 .bss.adcSpiBuffer
                0x20000418        0x6 ./Core/Src/main.o
                0x20000418                adcSpiBuffer
 .bss.txSpiData
                0x2000041e        0x2 ./Core/Src/main.o
                0x2000041e                txSpiData
 .bss.rxSpiData
                0x20000420        0x2 ./Core/Src/main.o
                0x20000420                rxSpiData
 .bss.adc1      0x20000422        0x2 ./Core/Src/main.o
                0x20000422                adc1
 .bss.adc2      0x20000424        0x2 ./Core/Src/main.o
                0x20000424                adc2
 .bss.adc3      0x20000426        0x2 ./Core/Src/main.o
                0x20000426                adc3
 .bss.adc4      0x20000428        0x2 ./Core/Src/main.o
                0x20000428                adc4
 .bss.adc5      0x2000042a        0x2 ./Core/Src/main.o
                0x2000042a                adc5
 .bss.adc6      0x2000042c        0x2 ./Core/Src/main.o
                0x2000042c                adc6
 .bss.adc7      0x2000042e        0x2 ./Core/Src/main.o
                0x2000042e                adc7
 .bss.adc8      0x20000430        0x2 ./Core/Src/main.o
                0x20000430                adc8
 .bss.adc9      0x20000432        0x2 ./Core/Src/main.o
                0x20000432                adc9
 .bss.adc10     0x20000434        0x2 ./Core/Src/main.o
                0x20000434                adc10
 .bss.adc11     0x20000436        0x2 ./Core/Src/main.o
                0x20000436                adc11
 .bss.adc12     0x20000438        0x2 ./Core/Src/main.o
                0x20000438                adc12
 .bss.tempDataFlag
                0x2000043a        0x1 ./Core/Src/main.o
                0x2000043a                tempDataFlag
 .bss.pressDataFlag
                0x2000043b        0x1 ./Core/Src/main.o
                0x2000043b                pressDataFlag
 .bss.fuelDataFlag
                0x2000043c        0x1 ./Core/Src/main.o
                0x2000043c                fuelDataFlag
 .bss.rpmDataFlag
                0x2000043d        0x1 ./Core/Src/main.o
                0x2000043d                rpmDataFlag
 .bss.battDataFlag
                0x2000043e        0x1 ./Core/Src/main.o
                0x2000043e                battDataFlag
 *fill*         0x2000043f        0x1 
 .bss.ect       0x20000440        0x2 ./Core/Src/main.o
                0x20000440                ect
 .bss.oilTemp   0x20000442        0x2 ./Core/Src/main.o
                0x20000442                oilTemp
 .bss.oilPress  0x20000444        0x2 ./Core/Src/main.o
                0x20000444                oilPress
 .bss.fuelPress
                0x20000446        0x2 ./Core/Src/main.o
                0x20000446                fuelPress
 .bss.battVolt  0x20000448        0x2 ./Core/Src/main.o
                0x20000448                battVolt
 .bss.rpm       0x2000044a        0x2 ./Core/Src/main.o
                0x2000044a                rpm
 .bss.battVoltFlagDone
                0x2000044c        0x3 ./Core/Src/main.o
                0x2000044c                battVoltFlagDone
 *fill*         0x2000044f        0x1 
 .bss.fuelPumpCurrentBuffer
                0x20000450       0xc8 ./Core/Src/main.o
                0x20000450                fuelPumpCurrentBuffer
 .bss.fuelPressBuffer
                0x20000518       0xc8 ./Core/Src/main.o
                0x20000518                fuelPressBuffer
 .bss.battVoltAverage
                0x200005e0        0x2 ./Core/Src/main.o
                0x200005e0                battVoltAverage
 .bss.fuelPumpCurrentAverage
                0x200005e2        0x2 ./Core/Src/main.o
                0x200005e2                fuelPumpCurrentAverage
 .bss.instFuelConsumption
                0x200005e4        0x2 ./Core/Src/main.o
                0x200005e4                instFuelConsumption
 .bss.fuelPressAverage
                0x200005e6        0x2 ./Core/Src/main.o
                0x200005e6                fuelPressAverage
 .bss.canResetEcuFlag
                0x200005e8        0x1 ./Core/Src/main.o
                0x200005e8                canResetEcuFlag
 .bss.resetCounter
                0x200005e9        0x1 ./Core/Src/main.o
                0x200005e9                resetCounter
 .bss.ectEmergencyFlag
                0x200005ea        0x1 ./Core/Src/main.o
                0x200005ea                ectEmergencyFlag
 .bss.oilEmergencyFlag
                0x200005eb        0x1 ./Core/Src/main.o
                0x200005eb                oilEmergencyFlag
 .bss.fuelPumpEmergencyFlag
                0x200005ec        0x1 ./Core/Src/main.o
                0x200005ec                fuelPumpEmergencyFlag
 .bss.battVoltEmergencyFlag
                0x200005ed        0x1 ./Core/Src/main.o
                0x200005ed                battVoltEmergencyFlag
 .bss.send      0x200005ee        0x1 ./Core/Src/main.o
                0x200005ee                send
 .bss.heartbeatFlag
                0x200005ef        0x1 ./Core/Src/main.o
                0x200005ef                heartbeatFlag
 .bss.uwTick    0x200005f0        0x4 ./Drivers/STM32F0xx_HAL_Driver/Src/stm32f0xx_hal.o
                0x200005f0                uwTick
 *(COMMON)
                0x200005f4                        . = ALIGN (0x4)
                0x200005f4                        _ebss = .
                0x200005f4                        __bss_end__ = _ebss

._user_heap_stack
                0x200005f4      0x604 load address 0x08006238
                0x200005f8                        . = ALIGN (0x8)
 *fill*         0x200005f4        0x4 
                [!provide]                        PROVIDE (end = .)
                0x200005f8                        PROVIDE (_end = .)
                0x200007f8                        . = (. + _Min_Heap_Size)
 *fill*         0x200005f8      0x200 
                0x20000bf8                        . = (. + _Min_Stack_Size)
 *fill*         0x200007f8      0x400 
                0x20000bf8                        . = ALIGN (0x8)

/DISCARD/
 libc.a(*)
 libm.a(*)
 libgcc.a(*)

.ARM.attributes
                0x00000000       0x28
 *(.ARM.attributes)
 .ARM.attributes
                0x00000000       0x1e C:/ST/STM32CubeIDE_1.14.1/STM32CubeIDE/plugins/com.st.stm32cube.ide.mcu.externaltools.gnu-tools-for-stm32.13.3.rel1.win32_1.0.0.202411081344/tools/bin/../lib/gcc/arm-none-eabi/13.3.1/thumb/v6-m/nofp/crti.o
 .ARM.attributes
                0x0000001e       0x2c C:/ST/STM32CubeIDE_1.14.1/STM32CubeIDE/plugins/com.st.stm32cube.ide.mcu.externaltools.gnu-tools-for-stm32.13.3.rel1.win32_1.0.0.202411081344/tools/bin/../lib/gcc/arm-none-eabi/13.3.1/thumb/v6-m/nofp/crtbegin.o
 .ARM.attributes
                0x0000004a       0x2c ./Core/Src/main.o
 .ARM.attributes
                0x00000076       0x2c ./Core/Src/stm32f0xx_hal_msp.o
 .ARM.attributes
                0x000000a2       0x2c ./Core/Src/stm32f0xx_it.o
 .ARM.attributes
                0x000000ce       0x2c ./Core/Src/system_stm32f0xx.o
 .ARM.attributes
                0x000000fa       0x21 ./Core/Startup/startup_stm32f042c6tx.o
 .ARM.attributes
                0x0000011b       0x2c ./Drivers/STM32F0xx_HAL_Driver/Src/stm32f0xx_hal.o
 .ARM.attributes
                0x00000147       0x2c ./Drivers/STM32F0xx_HAL_Driver/Src/stm32f0xx_hal_adc.o
 .ARM.attributes
                0x00000173       0x2c ./Drivers/STM32F0xx_HAL_Driver/Src/stm32f0xx_hal_can.o
 .ARM.attributes
                0x0000019f       0x2c ./Drivers/STM32F0xx_HAL_Driver/Src/stm32f0xx_hal_cortex.o
 .ARM.attributes
                0x000001cb       0x2c ./Drivers/STM32F0xx_HAL_Driver/Src/stm32f0xx_hal_dma.o
 .ARM.attributes
                0x000001f7       0x2c ./Drivers/STM32F0xx_HAL_Driver/Src/stm32f0xx_hal_gpio.o
 .ARM.attributes
                0x00000223       0x2c ./Drivers/STM32F0xx_HAL_Driver/Src/stm32f0xx_hal_rcc.o
 .ARM.attributes
                0x0000024f       0x2c ./Drivers/STM32F0xx_HAL_Driver/Src/stm32f0xx_hal_spi.o
 .ARM.attributes
                0x0000027b       0x2c ./Drivers/STM32F0xx_HAL_Driver/Src/stm32f0xx_hal_tim.o
 .ARM.attributes
                0x000002a7       0x2c ./Drivers/STM32F0xx_HAL_Driver/Src/stm32f0xx_hal_tim_ex.o
 .ARM.attributes
                0x000002d3       0x2c C:/ST/STM32CubeIDE_1.14.1/STM32CubeIDE/plugins/com.st.stm32cube.ide.mcu.externaltools.gnu-tools-for-stm32.13.3.rel1.win32_1.0.0.202411081344/tools/bin/../lib/gcc/arm-none-eabi/13.3.1/../../../../arm-none-eabi/lib/thumb/v6-m/nofp\libc_nano.a(libc_a-memset.o)
 .ARM.attributes
                0x000002ff       0x2c C:/ST/STM32CubeIDE_1.14.1/STM32CubeIDE/plugins/com.st.stm32cube.ide.mcu.externaltools.gnu-tools-for-stm32.13.3.rel1.win32_1.0.0.202411081344/tools/bin/../lib/gcc/arm-none-eabi/13.3.1/../../../../arm-none-eabi/lib/thumb/v6-m/nofp\libc_nano.a(libc_a-init.o)
 .ARM.attributes
                0x0000032b       0x1e C:/ST/STM32CubeIDE_1.14.1/STM32CubeIDE/plugins/com.st.stm32cube.ide.mcu.externaltools.gnu-tools-for-stm32.13.3.rel1.win32_1.0.0.202411081344/tools/bin/../lib/gcc/arm-none-eabi/13.3.1/thumb/v6-m/nofp\libgcc.a(_udivsi3.o)
 .ARM.attributes
                0x00000349       0x1e C:/ST/STM32CubeIDE_1.14.1/STM32CubeIDE/plugins/com.st.stm32cube.ide.mcu.externaltools.gnu-tools-for-stm32.13.3.rel1.win32_1.0.0.202411081344/tools/bin/../lib/gcc/arm-none-eabi/13.3.1/thumb/v6-m/nofp\libgcc.a(_dvmd_tls.o)
 .ARM.attributes
                0x00000367       0x1e C:/ST/STM32CubeIDE_1.14.1/STM32CubeIDE/plugins/com.st.stm32cube.ide.mcu.externaltools.gnu-tools-for-stm32.13.3.rel1.win32_1.0.0.202411081344/tools/bin/../lib/gcc/arm-none-eabi/13.3.1/thumb/v6-m/nofp/crtn.o
OUTPUT(pdm-05.elf elf32-littlearm)
LOAD linker stubs
LOAD C:/ST/STM32CubeIDE_1.14.1/STM32CubeIDE/plugins/com.st.stm32cube.ide.mcu.externaltools.gnu-tools-for-stm32.13.3.rel1.win32_1.0.0.202411081344/tools/bin/../lib/gcc/arm-none-eabi/13.3.1/../../../../arm-none-eabi/lib/thumb/v6-m/nofp\libc.a
LOAD C:/ST/STM32CubeIDE_1.14.1/STM32CubeIDE/plugins/com.st.stm32cube.ide.mcu.externaltools.gnu-tools-for-stm32.13.3.rel1.win32_1.0.0.202411081344/tools/bin/../lib/gcc/arm-none-eabi/13.3.1/../../../../arm-none-eabi/lib/thumb/v6-m/nofp\libm.a
LOAD C:/ST/STM32CubeIDE_1.14.1/STM32CubeIDE/plugins/com.st.stm32cube.ide.mcu.externaltools.gnu-tools-for-stm32.13.3.rel1.win32_1.0.0.202411081344/tools/bin/../lib/gcc/arm-none-eabi/13.3.1/thumb/v6-m/nofp\libgcc.a

.debug_info     0x00000000     0xd829
 .debug_info    0x00000000     0x243f ./Core/Src/main.o
 .debug_info    0x0000243f     0x15f1 ./Core/Src/stm32f0xx_hal_msp.o
 .debug_info    0x00003a30      0xa5b ./Core/Src/stm32f0xx_it.o
 .debug_info    0x0000448b      0x242 ./Core/Src/system_stm32f0xx.o
 .debug_info    0x000046cd       0x30 ./Core/Startup/startup_stm32f042c6tx.o
 .debug_info    0x000046fd      0x69d ./Drivers/STM32F0xx_HAL_Driver/Src/stm32f0xx_hal.o
 .debug_info    0x00004d9a      0xc6a ./Drivers/STM32F0xx_HAL_Driver/Src/stm32f0xx_hal_adc.o
 .debug_info    0x00005a04      0xeb5 ./Drivers/STM32F0xx_HAL_Driver/Src/stm32f0xx_hal_can.o
 .debug_info    0x000068b9      0x6a7 ./Drivers/STM32F0xx_HAL_Driver/Src/stm32f0xx_hal_cortex.o
 .debug_info    0x00006f60      0x6ea ./Drivers/STM32F0xx_HAL_Driver/Src/stm32f0xx_hal_dma.o
 .debug_info    0x0000764a      0x5a6 ./Drivers/STM32F0xx_HAL_Driver/Src/stm32f0xx_hal_gpio.o
 .debug_info    0x00007bf0      0x83f ./Drivers/STM32F0xx_HAL_Driver/Src/stm32f0xx_hal_rcc.o
 .debug_info    0x0000842f     0x1618 ./Drivers/STM32F0xx_HAL_Driver/Src/stm32f0xx_hal_spi.o
 .debug_info    0x00009a47     0x2950 ./Drivers/STM32F0xx_HAL_Driver/Src/stm32f0xx_hal_tim.o
 .debug_info    0x0000c397     0x1492 ./Drivers/STM32F0xx_HAL_Driver/Src/stm32f0xx_hal_tim_ex.o

.debug_abbrev   0x00000000     0x2055
 .debug_abbrev  0x00000000      0x3c6 ./Core/Src/main.o
 .debug_abbrev  0x000003c6      0x2a7 ./Core/Src/stm32f0xx_hal_msp.o
 .debug_abbrev  0x0000066d      0x1da ./Core/Src/stm32f0xx_it.o
 .debug_abbrev  0x00000847      0x11c ./Core/Src/system_stm32f0xx.o
 .debug_abbrev  0x00000963       0x24 ./Core/Startup/startup_stm32f042c6tx.o
 .debug_abbrev  0x00000987      0x247 ./Drivers/STM32F0xx_HAL_Driver/Src/stm32f0xx_hal.o
 .debug_abbrev  0x00000bce      0x259 ./Drivers/STM32F0xx_HAL_Driver/Src/stm32f0xx_hal_adc.o
 .debug_abbrev  0x00000e27      0x1c3 ./Drivers/STM32F0xx_HAL_Driver/Src/stm32f0xx_hal_can.o
 .debug_abbrev  0x00000fea      0x28c ./Drivers/STM32F0xx_HAL_Driver/Src/stm32f0xx_hal_cortex.o
 .debug_abbrev  0x00001276      0x224 ./Drivers/STM32F0xx_HAL_Driver/Src/stm32f0xx_hal_dma.o
 .debug_abbrev  0x0000149a      0x1cb ./Drivers/STM32F0xx_HAL_Driver/Src/stm32f0xx_hal_gpio.o
 .debug_abbrev  0x00001665      0x28c ./Drivers/STM32F0xx_HAL_Driver/Src/stm32f0xx_hal_rcc.o
 .debug_abbrev  0x000018f1      0x269 ./Drivers/STM32F0xx_HAL_Driver/Src/stm32f0xx_hal_spi.o
 .debug_abbrev  0x00001b5a      0x278 ./Drivers/STM32F0xx_HAL_Driver/Src/stm32f0xx_hal_tim.o
 .debug_abbrev  0x00001dd2      0x283 ./Drivers/STM32F0xx_HAL_Driver/Src/stm32f0xx_hal_tim_ex.o

.debug_aranges  0x00000000      0xe58
 .debug_aranges
                0x00000000       0xf0 ./Core/Src/main.o
 .debug_aranges
                0x000000f0       0x88 ./Core/Src/stm32f0xx_hal_msp.o
 .debug_aranges
                0x00000178       0x60 ./Core/Src/stm32f0xx_it.o
 .debug_aranges
                0x000001d8       0x28 ./Core/Src/system_stm32f0xx.o
 .debug_aranges
                0x00000200       0x28 ./Core/Startup/startup_stm32f042c6tx.o
 .debug_aranges
                0x00000228       0xd0 ./Drivers/STM32F0xx_HAL_Driver/Src/stm32f0xx_hal.o
 .debug_aranges
                0x000002f8       0xf8 ./Drivers/STM32F0xx_HAL_Driver/Src/stm32f0xx_hal_adc.o
 .debug_aranges
                0x000003f0      0x138 ./Drivers/STM32F0xx_HAL_Driver/Src/stm32f0xx_hal_can.o
 .debug_aranges
                0x00000528       0xc0 ./Drivers/STM32F0xx_HAL_Driver/Src/stm32f0xx_hal_cortex.o
 .debug_aranges
                0x000005e8       0x88 ./Drivers/STM32F0xx_HAL_Driver/Src/stm32f0xx_hal_dma.o
 .debug_aranges
                0x00000670       0x58 ./Drivers/STM32F0xx_HAL_Driver/Src/stm32f0xx_hal_gpio.o
 .debug_aranges
                0x000006c8       0x80 ./Drivers/STM32F0xx_HAL_Driver/Src/stm32f0xx_hal_rcc.o
 .debug_aranges
                0x00000748      0x1d8 ./Drivers/STM32F0xx_HAL_Driver/Src/stm32f0xx_hal_spi.o
 .debug_aranges
                0x00000920      0x3d0 ./Drivers/STM32F0xx_HAL_Driver/Src/stm32f0xx_hal_tim.o
 .debug_aranges
                0x00000cf0      0x168 ./Drivers/STM32F0xx_HAL_Driver/Src/stm32f0xx_hal_tim_ex.o

.debug_rnglists
                0x00000000      0xb39
 .debug_rnglists
                0x00000000       0xc0 ./Core/Src/main.o
 .debug_rnglists
                0x000000c0       0x65 ./Core/Src/stm32f0xx_hal_msp.o
 .debug_rnglists
                0x00000125       0x43 ./Core/Src/stm32f0xx_it.o
 .debug_rnglists
                0x00000168       0x1a ./Core/Src/system_stm32f0xx.o
 .debug_rnglists
                0x00000182       0x1a ./Core/Startup/startup_stm32f042c6tx.o
 .debug_rnglists
                0x0000019c       0x97 ./Drivers/STM32F0xx_HAL_Driver/Src/stm32f0xx_hal.o
 .debug_rnglists
                0x00000233       0xc6 ./Drivers/STM32F0xx_HAL_Driver/Src/stm32f0xx_hal_adc.o
 .debug_rnglists
                0x000002f9       0xee ./Drivers/STM32F0xx_HAL_Driver/Src/stm32f0xx_hal_can.o
 .debug_rnglists
                0x000003e7       0x8c ./Drivers/STM32F0xx_HAL_Driver/Src/stm32f0xx_hal_cortex.o
 .debug_rnglists
                0x00000473       0x6a ./Drivers/STM32F0xx_HAL_Driver/Src/stm32f0xx_hal_dma.o
 .debug_rnglists
                0x000004dd       0x3f ./Drivers/STM32F0xx_HAL_Driver/Src/stm32f0xx_hal_gpio.o
 .debug_rnglists
                0x0000051c       0x61 ./Drivers/STM32F0xx_HAL_Driver/Src/stm32f0xx_hal_rcc.o
 .debug_rnglists
                0x0000057d      0x17a ./Drivers/STM32F0xx_HAL_Driver/Src/stm32f0xx_hal_spi.o
 .debug_rnglists
                0x000006f7      0x31c ./Drivers/STM32F0xx_HAL_Driver/Src/stm32f0xx_hal_tim.o
 .debug_rnglists
                0x00000a13      0x126 ./Drivers/STM32F0xx_HAL_Driver/Src/stm32f0xx_hal_tim_ex.o

.debug_macro    0x00000000    0x18bfb
 .debug_macro   0x00000000      0x23f ./Core/Src/main.o
 .debug_macro   0x0000023f      0xaae ./Core/Src/main.o
 .debug_macro   0x00000ced      0x13f ./Core/Src/main.o
 .debug_macro   0x00000e2c       0x2e ./Core/Src/main.o
 .debug_macro   0x00000e5a       0x22 ./Core/Src/main.o
 .debug_macro   0x00000e7c       0x22 ./Core/Src/main.o
 .debug_macro   0x00000e9e       0x8e ./Core/Src/main.o
 .debug_macro   0x00000f2c       0x51 ./Core/Src/main.o
 .debug_macro   0x00000f7d      0x103 ./Core/Src/main.o
 .debug_macro   0x00001080       0x6a ./Core/Src/main.o
 .debug_macro   0x000010ea      0x1df ./Core/Src/main.o
 .debug_macro   0x000012c9       0x1c ./Core/Src/main.o
 .debug_macro   0x000012e5       0x22 ./Core/Src/main.o
 .debug_macro   0x00001307       0xaf ./Core/Src/main.o
 .debug_macro   0x000013b6      0x391 ./Core/Src/main.o
 .debug_macro   0x00001747     0xf209 ./Core/Src/main.o
 .debug_macro   0x00010950       0x66 ./Core/Src/main.o
 .debug_macro   0x000109b6     0x34da ./Core/Src/main.o
 .debug_macro   0x00013e90      0x190 ./Core/Src/main.o
 .debug_macro   0x00014020       0x55 ./Core/Src/main.o
 .debug_macro   0x00014075      0x946 ./Core/Src/main.o
 .debug_macro   0x000149bb      0x46b ./Core/Src/main.o
 .debug_macro   0x00014e26      0x1ae ./Core/Src/main.o
 .debug_macro   0x00014fd4      0x130 ./Core/Src/main.o
 .debug_macro   0x00015104      0x199 ./Core/Src/main.o
 .debug_macro   0x0001529d      0x1ed ./Core/Src/main.o
 .debug_macro   0x0001548a       0x34 ./Core/Src/main.o
 .debug_macro   0x000154be       0x43 ./Core/Src/main.o
 .debug_macro   0x00015501       0x28 ./Core/Src/main.o
 .debug_macro   0x00015529      0x33d ./Core/Src/main.o
 .debug_macro   0x00015866       0xce ./Core/Src/main.o
 .debug_macro   0x00015934      0x408 ./Core/Src/main.o
 .debug_macro   0x00015d3c       0xb0 ./Core/Src/main.o
 .debug_macro   0x00015dec      0x182 ./Core/Src/main.o
 .debug_macro   0x00015f6e      0x22c ./Core/Src/main.o
 .debug_macro   0x0001619a       0x61 ./Core/Src/main.o
 .debug_macro   0x000161fb       0xa5 ./Core/Src/main.o
 .debug_macro   0x000162a0       0x4c ./Core/Src/main.o
 .debug_macro   0x000162ec      0x15b ./Core/Src/main.o
 .debug_macro   0x00016447      0x2fe ./Core/Src/main.o
 .debug_macro   0x00016745      0x8f4 ./Core/Src/main.o
 .debug_macro   0x00017039       0x28 ./Core/Src/main.o
 .debug_macro   0x00017061      0x12e ./Core/Src/main.o
 .debug_macro   0x0001718f      0x13c ./Core/Src/main.o
 .debug_macro   0x000172cb       0x22 ./Core/Src/main.o
 .debug_macro   0x000172ed      0x1f0 ./Core/Src/stm32f0xx_hal_msp.o
 .debug_macro   0x000174dd      0x1fa ./Core/Src/stm32f0xx_it.o
 .debug_macro   0x000176d7      0x1e1 ./Core/Src/system_stm32f0xx.o
 .debug_macro   0x000178b8      0x205 ./Drivers/STM32F0xx_HAL_Driver/Src/stm32f0xx_hal.o
 .debug_macro   0x00017abd      0x205 ./Drivers/STM32F0xx_HAL_Driver/Src/stm32f0xx_hal_adc.o
 .debug_macro   0x00017cc2      0x1f0 ./Drivers/STM32F0xx_HAL_Driver/Src/stm32f0xx_hal_can.o
 .debug_macro   0x00017eb2      0x1e1 ./Drivers/STM32F0xx_HAL_Driver/Src/stm32f0xx_hal_cortex.o
 .debug_macro   0x00018093      0x1e1 ./Drivers/STM32F0xx_HAL_Driver/Src/stm32f0xx_hal_dma.o
 .debug_macro   0x00018274      0x1e8 ./Drivers/STM32F0xx_HAL_Driver/Src/stm32f0xx_hal_gpio.o
 .debug_macro   0x0001845c      0x1f3 ./Drivers/STM32F0xx_HAL_Driver/Src/stm32f0xx_hal_rcc.o
 .debug_macro   0x0001864f      0x1e9 ./Drivers/STM32F0xx_HAL_Driver/Src/stm32f0xx_hal_spi.o
 .debug_macro   0x00018838      0x1e2 ./Drivers/STM32F0xx_HAL_Driver/Src/stm32f0xx_hal_tim.o
 .debug_macro   0x00018a1a      0x1e1 ./Drivers/STM32F0xx_HAL_Driver/Src/stm32f0xx_hal_tim_ex.o

.debug_line     0x00000000    0x10136
 .debug_line    0x00000000     0x13f5 ./Core/Src/main.o
 .debug_line    0x000013f5      0xa43 ./Core/Src/stm32f0xx_hal_msp.o
 .debug_line    0x00001e38      0x865 ./Core/Src/stm32f0xx_it.o
 .debug_line    0x0000269d      0x830 ./Core/Src/system_stm32f0xx.o
 .debug_line    0x00002ecd       0x8d ./Core/Startup/startup_stm32f042c6tx.o
 .debug_line    0x00002f5a      0xa27 ./Drivers/STM32F0xx_HAL_Driver/Src/stm32f0xx_hal.o
 .debug_line    0x00003981     0x1243 ./Drivers/STM32F0xx_HAL_Driver/Src/stm32f0xx_hal_adc.o
 .debug_line    0x00004bc4     0x1234 ./Drivers/STM32F0xx_HAL_Driver/Src/stm32f0xx_hal_can.o
 .debug_line    0x00005df8      0xacf ./Drivers/STM32F0xx_HAL_Driver/Src/stm32f0xx_hal_cortex.o
 .debug_line    0x000068c7      0xd2b ./Drivers/STM32F0xx_HAL_Driver/Src/stm32f0xx_hal_dma.o
 .debug_line    0x000075f2      0xb79 ./Drivers/STM32F0xx_HAL_Driver/Src/stm32f0xx_hal_gpio.o
 .debug_line    0x0000816b      0xf6b ./Drivers/STM32F0xx_HAL_Driver/Src/stm32f0xx_hal_rcc.o
 .debug_line    0x000090d6     0x2046 ./Drivers/STM32F0xx_HAL_Driver/Src/stm32f0xx_hal_spi.o
 .debug_line    0x0000b11c     0x371d ./Drivers/STM32F0xx_HAL_Driver/Src/stm32f0xx_hal_tim.o
 .debug_line    0x0000e839     0x18fd ./Drivers/STM32F0xx_HAL_Driver/Src/stm32f0xx_hal_tim_ex.o

.debug_str      0x00000000    0x91991
 .debug_str     0x00000000    0x91991 ./Core/Src/main.o
                              0x8f30e (size before relaxing)
 .debug_str     0x00091991    0x8e777 ./Core/Src/stm32f0xx_hal_msp.o
 .debug_str     0x00091991    0x8e0be ./Core/Src/stm32f0xx_it.o
 .debug_str     0x00091991    0x8d442 ./Core/Src/system_stm32f0xx.o
 .debug_str     0x00091991       0x7f ./Core/Startup/startup_stm32f042c6tx.o
 .debug_str     0x00091991    0x8d9f4 ./Drivers/STM32F0xx_HAL_Driver/Src/stm32f0xx_hal.o
 .debug_str     0x00091991    0x8db4f ./Drivers/STM32F0xx_HAL_Driver/Src/stm32f0xx_hal_adc.o
 .debug_str     0x00091991    0x8dc1b ./Drivers/STM32F0xx_HAL_Driver/Src/stm32f0xx_hal_can.o
 .debug_str     0x00091991    0x8d7e5 ./Drivers/STM32F0xx_HAL_Driver/Src/stm32f0xx_hal_cortex.o
 .debug_str     0x00091991    0x8d7e8 ./Drivers/STM32F0xx_HAL_Driver/Src/stm32f0xx_hal_dma.o
 .debug_str     0x00091991    0x8d5e3 ./Drivers/STM32F0xx_HAL_Driver/Src/stm32f0xx_hal_gpio.o
 .debug_str     0x00091991    0x8d889 ./Drivers/STM32F0xx_HAL_Driver/Src/stm32f0xx_hal_rcc.o
 .debug_str     0x00091991    0x8ddb2 ./Drivers/STM32F0xx_HAL_Driver/Src/stm32f0xx_hal_spi.o
 .debug_str     0x00091991    0x8e858 ./Drivers/STM32F0xx_HAL_Driver/Src/stm32f0xx_hal_tim.o
 .debug_str     0x00091991    0x8e064 ./Drivers/STM32F0xx_HAL_Driver/Src/stm32f0xx_hal_tim_ex.o

.comment        0x00000000       0x43
 .comment       0x00000000       0x43 ./Core/Src/main.o
                                 0x44 (size before relaxing)
 .comment       0x00000043       0x44 ./Core/Src/stm32f0xx_hal_msp.o
 .comment       0x00000043       0x44 ./Core/Src/stm32f0xx_it.o
 .comment       0x00000043       0x44 ./Core/Src/system_stm32f0xx.o
 .comment       0x00000043       0x44 ./Drivers/STM32F0xx_HAL_Driver/Src/stm32f0xx_hal.o
 .comment       0x00000043       0x44 ./Drivers/STM32F0xx_HAL_Driver/Src/stm32f0xx_hal_adc.o
 .comment       0x00000043       0x44 ./Drivers/STM32F0xx_HAL_Driver/Src/stm32f0xx_hal_can.o
 .comment       0x00000043       0x44 ./Drivers/STM32F0xx_HAL_Driver/Src/stm32f0xx_hal_cortex.o
 .comment       0x00000043       0x44 ./Drivers/STM32F0xx_HAL_Driver/Src/stm32f0xx_hal_dma.o
 .comment       0x00000043       0x44 ./Drivers/STM32F0xx_HAL_Driver/Src/stm32f0xx_hal_gpio.o
 .comment       0x00000043       0x44 ./Drivers/STM32F0xx_HAL_Driver/Src/stm32f0xx_hal_rcc.o
 .comment       0x00000043       0x44 ./Drivers/STM32F0xx_HAL_Driver/Src/stm32f0xx_hal_spi.o
 .comment       0x00000043       0x44 ./Drivers/STM32F0xx_HAL_Driver/Src/stm32f0xx_hal_tim.o
 .comment       0x00000043       0x44 ./Drivers/STM32F0xx_HAL_Driver/Src/stm32f0xx_hal_tim_ex.o

.debug_frame    0x00000000     0x343c
 .debug_frame   0x00000000      0x34c ./Core/Src/main.o
 .debug_frame   0x0000034c      0x1d0 ./Core/Src/stm32f0xx_hal_msp.o
 .debug_frame   0x0000051c      0x10c ./Core/Src/stm32f0xx_it.o
 .debug_frame   0x00000628       0x4c ./Core/Src/system_stm32f0xx.o
 .debug_frame   0x00000674      0x2a4 ./Drivers/STM32F0xx_HAL_Driver/Src/stm32f0xx_hal.o
 .debug_frame   0x00000918      0x3a0 ./Drivers/STM32F0xx_HAL_Driver/Src/stm32f0xx_hal_adc.o
 .debug_frame   0x00000cb8      0x490 ./Drivers/STM32F0xx_HAL_Driver/Src/stm32f0xx_hal_can.o
 .debug_frame   0x00001148      0x2a0 ./Drivers/STM32F0xx_HAL_Driver/Src/stm32f0xx_hal_cortex.o
 .debug_frame   0x000013e8      0x1d0 ./Drivers/STM32F0xx_HAL_Driver/Src/stm32f0xx_hal_dma.o
 .debug_frame   0x000015b8      0x110 ./Drivers/STM32F0xx_HAL_Driver/Src/stm32f0xx_hal_gpio.o
 .debug_frame   0x000016c8      0x198 ./Drivers/STM32F0xx_HAL_Driver/Src/stm32f0xx_hal_rcc.o
 .debug_frame   0x00001860      0x710 ./Drivers/STM32F0xx_HAL_Driver/Src/stm32f0xx_hal_spi.o
 .debug_frame   0x00001f70      0xf00 ./Drivers/STM32F0xx_HAL_Driver/Src/stm32f0xx_hal_tim.o
 .debug_frame   0x00002e70      0x560 ./Drivers/STM32F0xx_HAL_Driver/Src/stm32f0xx_hal_tim_ex.o
 .debug_frame   0x000033d0       0x20 C:/ST/STM32CubeIDE_1.14.1/STM32CubeIDE/plugins/com.st.stm32cube.ide.mcu.externaltools.gnu-tools-for-stm32.13.3.rel1.win32_1.0.0.202411081344/tools/bin/../lib/gcc/arm-none-eabi/13.3.1/../../../../arm-none-eabi/lib/thumb/v6-m/nofp\libc_nano.a(libc_a-memset.o)
 .debug_frame   0x000033f0       0x2c C:/ST/STM32CubeIDE_1.14.1/STM32CubeIDE/plugins/com.st.stm32cube.ide.mcu.externaltools.gnu-tools-for-stm32.13.3.rel1.win32_1.0.0.202411081344/tools/bin/../lib/gcc/arm-none-eabi/13.3.1/../../../../arm-none-eabi/lib/thumb/v6-m/nofp\libc_nano.a(libc_a-init.o)
 .debug_frame   0x0000341c       0x20 C:/ST/STM32CubeIDE_1.14.1/STM32CubeIDE/plugins/com.st.stm32cube.ide.mcu.externaltools.gnu-tools-for-stm32.13.3.rel1.win32_1.0.0.202411081344/tools/bin/../lib/gcc/arm-none-eabi/13.3.1/thumb/v6-m/nofp\libgcc.a(_udivsi3.o)

.debug_line_str
                0x00000000       0x63
 .debug_line_str
                0x00000000       0x63 ./Core/Startup/startup_stm32f042c6tx.o
