../Core/Src/main.c:141:6:HAL_CAN_RxFifo0MsgPendingCallback	16	static
../Core/Src/main.c:186:6:tempActions	8	static
../Core/Src/main.c:253:6:sendCan	8	static
../Core/Src/main.c:282:6:heartbeat	8	static
../Core/Src/main.c:289:6:mapeoADC	8	static
../Core/Src/main.c:301:6:battControl	16	static
../Core/Src/main.c:328:6:fillBatVoltBuffer	16	static
../Core/Src/main.c:336:6:gettBatVoltAverage	16	static
../Core/Src/main.c:345:6:canResetEcu	8	static
../Core/Src/main.c:360:5:main	8	static
../Core/Src/main.c:508:6:SystemClock_Config	88	static
../Core/Src/main.c:548:13:MX_ADC_Init	24	static
../Core/Src/main.c:674:13:MX_CAN_Init	48	static
../Core/Src/main.c:724:13:MX_SPI2_Init	8	static
../Core/Src/main.c:764:13:MX_TIM1_Init	80	static
../Core/Src/main.c:828:13:MX_TIM2_Init	48	static
../Core/Src/main.c:881:13:MX_TIM3_Init	48	static
../Core/Src/main.c:934:13:MX_TIM16_Init	72	static
../Core/Src/main.c:996:13:MX_TIM17_Init	72	static
../Core/Src/main.c:1056:13:MX_DMA_Init	16	static
../Core/Src/main.c:1074:13:MX_GPIO_Init	56	static
../Core/Src/main.c:1121:6:HAL_TIM_PeriodElapsedCallback	16	static
../Core/Src/main.c:1131:6:HAL_ADC_ConvCpltCallback	16	static
../Core/Src/main.c:1148:6:Error_Handler	8	static,ignoring_inline_asm
