../Core/Src/main.c:145:6:translateDuty	32	static
../Core/Src/main.c:150:6:HAL_CAN_RxFifo0MsgPendingCallback	16	static
../Core/Src/main.c:194:6:tempActions	8	static
../Core/Src/main.c:257:6:sendCan	8	static
../Core/Src/main.c:300:6:heartbeat	8	static
../Core/Src/main.c:306:6:mapeoADC	8	static
../Core/Src/main.c:320:6:battControl	16	static
../Core/Src/main.c:352:6:canResetEcu	8	static
../Core/Src/main.c:361:6:Read_All_ADC_Channels	24	static
../Core/Src/main.c:388:10:getBufferAverage	24	static
../Core/Src/main.c:397:6:fillBuffer	24	static
../Core/Src/main.c:403:6:fuelPumpProtection	8	static
../Core/Src/main.c:423:5:main	8	static
../Core/Src/main.c:582:6:SystemClock_Config	88	static
../Core/Src/main.c:622:13:MX_ADC_Init	24	static
../Core/Src/main.c:748:13:MX_CAN_Init	48	static
../Core/Src/main.c:810:13:MX_SPI2_Init	8	static
../Core/Src/main.c:850:13:MX_TIM1_Init	80	static
../Core/Src/main.c:914:13:MX_TIM2_Init	48	static
../Core/Src/main.c:967:13:MX_TIM3_Init	48	static
../Core/Src/main.c:1020:13:MX_TIM16_Init	72	static
../Core/Src/main.c:1082:13:MX_TIM17_Init	72	static
../Core/Src/main.c:1142:13:MX_DMA_Init	16	static
../Core/Src/main.c:1160:13:MX_GPIO_Init	56	static
../Core/Src/main.c:1210:6:HAL_TIM_PeriodElapsedCallback	16	static
../Core/Src/main.c:1220:6:HAL_ADC_ConvCpltCallback	16	static
../Core/Src/main.c:1237:6:Error_Handler	8	static,ignoring_inline_asm
