../Core/Src/main.c:88:6:HAL_CAN_RxFifo0MsgPendingCallback	16	static
../Core/Src/main.c:122:5:main	8	static
../Core/Src/main.c:180:6:SystemClock_Config	88	static
../Core/Src/main.c:220:13:MX_ADC_Init	24	static
../Core/Src/main.c:346:13:MX_CAN_Init	8	static
../Core/Src/main.c:383:13:MX_SPI2_Init	8	static
../Core/Src/main.c:423:13:MX_TIM3_Init	48	static
../Core/Src/main.c:474:13:MX_DMA_Init	16	static
../Core/Src/main.c:492:13:MX_GPIO_Init	56	static
../Core/Src/main.c:563:6:HAL_TIM_PeriodElapsedCallback	16	static
../Core/Src/main.c:567:6:HAL_ADC_ConvCpltCallback	16	static
../Core/Src/main.c:584:6:Error_Handler	8	static,ignoring_inline_asm
