../Core/Src/main.c:148:6:translateDuty	32	static
../Core/Src/main.c:153:6:HAL_CAN_RxFifo0MsgPendingCallback	16	static
../Core/Src/main.c:197:6:HAL_ADC_ConvCpltCallback	16	static
../Core/Src/main.c:208:6:tempActions	8	static
../Core/Src/main.c:283:6:sendCan	8	static
../Core/Src/main.c:326:6:heartbeat	8	static
../Core/Src/main.c:332:6:mapeoADC	8	static
../Core/Src/main.c:346:6:battControl	16	static
../Core/Src/main.c:378:6:canResetEcu	8	static
../Core/Src/main.c:387:6:Read_All_ADC_Channels	24	static
../Core/Src/main.c:413:6:currentChecking	8	static
../Core/Src/main.c:416:10:getBufferAverage	24	static
../Core/Src/main.c:425:6:fillBuffer	24	static
../Core/Src/main.c:431:6:fuelPumpProtection	8	static
../Core/Src/main.c:451:5:main	8	static
../Core/Src/main.c:628:6:SystemClock_Config	88	static
../Core/Src/main.c:668:13:MX_ADC_Init	24	static
../Core/Src/main.c:794:13:MX_CAN_Init	48	static
../Core/Src/main.c:856:13:MX_SPI2_Init	8	static
../Core/Src/main.c:896:13:MX_TIM1_Init	80	static
../Core/Src/main.c:960:13:MX_TIM2_Init	48	static
../Core/Src/main.c:1013:13:MX_TIM3_Init	48	static
../Core/Src/main.c:1066:13:MX_TIM14_Init	40	static
../Core/Src/main.c:1111:13:MX_TIM16_Init	72	static
../Core/Src/main.c:1173:13:MX_TIM17_Init	72	static
../Core/Src/main.c:1233:13:MX_DMA_Init	16	static
../Core/Src/main.c:1251:13:MX_GPIO_Init	56	static
../Core/Src/main.c:1301:6:HAL_TIM_PeriodElapsedCallback	16	static
../Core/Src/main.c:1322:6:Error_Handler	8	static,ignoring_inline_asm
