../Core/Src/main.c:137:6:HAL_CAN_RxFifo0MsgPendingCallback	16	static
../Core/Src/main.c:170:6:tempActions	8	static
../Core/Src/main.c:342:6:mapeoADC	16	static
../Core/Src/main.c:241:5:main	16	static
../Core/Src/main.c:386:6:SystemClock_Config	88	static
../Core/Src/main.c:426:13:MX_ADC_Init	24	static
../Core/Src/main.c:552:13:MX_CAN_Init	8	static
../Core/Src/main.c:589:13:MX_SPI2_Init	8	static
../Core/Src/main.c:629:13:MX_TIM1_Init	80	static
../Core/Src/main.c:693:13:MX_TIM2_Init	48	static
../Core/Src/main.c:746:13:MX_TIM3_Init	48	static
../Core/Src/main.c:799:13:MX_TIM16_Init	72	static
../Core/Src/main.c:861:13:MX_TIM17_Init	72	static
../Core/Src/main.c:921:13:MX_DMA_Init	16	static
../Core/Src/main.c:939:13:MX_GPIO_Init	56	static
../Core/Src/main.c:986:6:HAL_TIM_PeriodElapsedCallback	16	static
../Core/Src/main.c:996:6:HAL_ADC_ConvCpltCallback	16	static
../Core/Src/main.c:1013:6:Error_Handler	8	static,ignoring_inline_asm
