../Core/Src/main.c:137:6:HAL_CAN_RxFifo0MsgPendingCallback	16	static
../Core/Src/main.c:170:6:tempActions	8	static
../Core/Src/main.c:237:6:sendCan	8	static
../Core/Src/main.c:266:6:heartbeat	8	static
../Core/Src/main.c:272:6:mapeoADC	8	static
../Core/Src/main.c:289:5:main	8	static
../Core/Src/main.c:430:6:SystemClock_Config	88	static
../Core/Src/main.c:470:13:MX_ADC_Init	24	static
../Core/Src/main.c:596:13:MX_CAN_Init	48	static
../Core/Src/main.c:646:13:MX_SPI2_Init	8	static
../Core/Src/main.c:686:13:MX_TIM1_Init	80	static
../Core/Src/main.c:750:13:MX_TIM2_Init	48	static
../Core/Src/main.c:803:13:MX_TIM3_Init	48	static
../Core/Src/main.c:856:13:MX_TIM16_Init	72	static
../Core/Src/main.c:918:13:MX_TIM17_Init	72	static
../Core/Src/main.c:978:13:MX_DMA_Init	16	static
../Core/Src/main.c:996:13:MX_GPIO_Init	56	static
../Core/Src/main.c:1043:6:HAL_TIM_PeriodElapsedCallback	16	static
../Core/Src/main.c:1050:6:HAL_ADC_ConvCpltCallback	16	static
../Core/Src/main.c:1067:6:Error_Handler	8	static,ignoring_inline_asm
