../Core/Src/main.c:148:6:translateDuty	32	static
../Core/Src/main.c:153:6:HAL_CAN_RxFifo0MsgPendingCallback	16	static
../Core/Src/main.c:197:6:HAL_ADC_ConvCpltCallback	16	static
../Core/Src/main.c:208:6:tempActions	8	static
../Core/Src/main.c:267:6:sendCan	8	static
../Core/Src/main.c:310:6:heartbeat	8	static
../Core/Src/main.c:316:6:mapeoADC	8	static
../Core/Src/main.c:330:6:battControl	16	static
../Core/Src/main.c:362:6:canResetEcu	8	static
../Core/Src/main.c:371:6:Read_All_ADC_Channels	24	static
../Core/Src/main.c:397:6:currentChecking	8	static
../Core/Src/main.c:400:10:getBufferAverage	24	static
../Core/Src/main.c:409:6:fillBuffer	24	static
../Core/Src/main.c:415:6:fuelPumpProtection	8	static
../Core/Src/main.c:435:5:main	8	static
../Core/Src/main.c:606:6:SystemClock_Config	88	static
../Core/Src/main.c:646:13:MX_ADC_Init	24	static
../Core/Src/main.c:772:13:MX_CAN_Init	48	static
../Core/Src/main.c:834:13:MX_SPI2_Init	8	static
../Core/Src/main.c:874:13:MX_TIM1_Init	80	static
../Core/Src/main.c:938:13:MX_TIM2_Init	48	static
../Core/Src/main.c:991:13:MX_TIM3_Init	48	static
../Core/Src/main.c:1044:13:MX_TIM14_Init	40	static
../Core/Src/main.c:1089:13:MX_TIM16_Init	72	static
../Core/Src/main.c:1151:13:MX_TIM17_Init	72	static
../Core/Src/main.c:1211:13:MX_DMA_Init	16	static
../Core/Src/main.c:1229:13:MX_GPIO_Init	56	static
../Core/Src/main.c:1279:6:HAL_TIM_PeriodElapsedCallback	16	static
../Core/Src/main.c:1300:6:Error_Handler	8	static,ignoring_inline_asm
